BL51 BANKED LINKER/LOCATER V6.22                                                        12/06/2017  22:51:18  PAGE 1


BL51 BANKED LINKER/LOCATER V6.22, INVOKED BY:
C:\KEIL_V5\C51\BIN\BL51.EXE .\Out\Objects\main.obj, .\Out\Objects\app_work.obj, .\Out\Objects\app_repeat_exe.obj, .\Out\
>> Objects\app_2d4.obj, .\Out\Objects\app_uart.obj, .\Out\Objects\app_crc.obj, .\Out\Objects\app_dome.obj, .\Out\Objects
>> \app_eeprom.obj, .\Out\Objects\bsp.obj, .\Out\Objects\bsp_uart.obj, .\Out\Objects\bsp_timer0.obj, .\Out\Objects\bsp_2
>> d4.obj, .\Out\Objects\bsp_light.obj, .\Out\Objects\bsp_relay.obj, .\Out\Objects\bsp_eeprom.obj, .\Out\Objects\bsp_key
>> .obj, .\Out\Objects\Common.obj, .\Out\Objects\Delay.obj, .\Out\Objects\Version.obj, .\Out\Objects\STARTUP.obj TO .\Ou
>> t\Objects\project PRINT (.\Out\Listings\project.m51) RAMSIZE (256) DISABLEWARNING (16)


MEMORY MODEL: LARGE


INPUT MODULES INCLUDED:
  .\Out\Objects\main.obj (MAIN)
  .\Out\Objects\app_work.obj (APP_WORK)
  .\Out\Objects\app_repeat_exe.obj (APP_REPEAT_EXE)
  .\Out\Objects\app_2d4.obj (APP_2D4)
  .\Out\Objects\app_uart.obj (APP_UART)
  .\Out\Objects\app_crc.obj (APP_CRC)
  .\Out\Objects\app_dome.obj (APP_DOME)
  .\Out\Objects\app_eeprom.obj (APP_EEPROM)
  .\Out\Objects\bsp.obj (BSP)
  .\Out\Objects\bsp_uart.obj (BSP_UART)
  .\Out\Objects\bsp_timer0.obj (BSP_TIMER0)
  .\Out\Objects\bsp_2d4.obj (BSP_2D4)
  .\Out\Objects\bsp_light.obj (BSP_LIGHT)
  .\Out\Objects\bsp_relay.obj (BSP_RELAY)
  .\Out\Objects\bsp_eeprom.obj (BSP_EEPROM)
  .\Out\Objects\bsp_key.obj (BSP_KEY)
  .\Out\Objects\Common.obj (COMMON)
  .\Out\Objects\Delay.obj (DELAY)
  .\Out\Objects\Version.obj (VERSION)
  .\Out\Objects\STARTUP.obj (?C_STARTUP)
  C:\KEIL_V5\C51\LIB\C51L.LIB (?C_INIT)
  C:\KEIL_V5\C51\LIB\C51L.LIB (?C?COPY)
  C:\KEIL_V5\C51\LIB\C51L.LIB (?C?CLDPTR)
  C:\KEIL_V5\C51\LIB\C51L.LIB (?C?CLDOPTR)
  C:\KEIL_V5\C51\LIB\C51L.LIB (?C?CILDOPTR)
  C:\KEIL_V5\C51\LIB\C51L.LIB (?C?CSTOPTR)
  C:\KEIL_V5\C51\LIB\C51L.LIB (?C?IMUL)
  C:\KEIL_V5\C51\LIB\C51L.LIB (?C?UIDIV)
  C:\KEIL_V5\C51\LIB\C51L.LIB (?C?SIDIV)
  C:\KEIL_V5\C51\LIB\C51L.LIB (?C?IILDX)
  C:\KEIL_V5\C51\LIB\C51L.LIB (?C?ILDOPTR)
  C:\KEIL_V5\C51\LIB\C51L.LIB (?C?IILDOPTR)
  C:\KEIL_V5\C51\LIB\C51L.LIB (?C?ISTOPTR)
  C:\KEIL_V5\C51\LIB\C51L.LIB (?C?LADD)
  C:\KEIL_V5\C51\LIB\C51L.LIB (?C?LSUB)
  C:\KEIL_V5\C51\LIB\C51L.LIB (?C?LMUL)
  C:\KEIL_V5\C51\LIB\C51L.LIB (?C?ULDIV)
  C:\KEIL_V5\C51\LIB\C51L.LIB (?C?ULCMP)
  C:\KEIL_V5\C51\LIB\C51L.LIB (?C?ULSHR)
  C:\KEIL_V5\C51\LIB\C51L.LIB (?C?LLDXDATA)
  C:\KEIL_V5\C51\LIB\C51L.LIB (?C?LLDXDATA0)
  C:\KEIL_V5\C51\LIB\C51L.LIB (?C?LSTXDATA)
  C:\KEIL_V5\C51\LIB\C51L.LIB (?C?LSTKXDATA)
  C:\KEIL_V5\C51\LIB\C51L.LIB (?C?PSTIDATA)
  C:\KEIL_V5\C51\LIB\C51L.LIB (?C?PLDXDATA)
BL51 BANKED LINKER/LOCATER V6.22                                                      12/06/2017  22:51:18  PAGE 2


  C:\KEIL_V5\C51\LIB\C51L.LIB (?C?PLDIXDATA)
  C:\KEIL_V5\C51\LIB\C51L.LIB (?C?PSTXDATA)
  C:\KEIL_V5\C51\LIB\C51L.LIB (?C?PLDPTR)
  C:\KEIL_V5\C51\LIB\C51L.LIB (?C?CCASE)
  C:\KEIL_V5\C51\LIB\C51L.LIB (?C?ICALL)
  C:\KEIL_V5\C51\LIB\C51L.LIB (PRINTF)
  C:\KEIL_V5\C51\LIB\C51L.LIB (ABS)
  C:\KEIL_V5\C51\LIB\C51L.LIB (?C?MEMSET)
  C:\KEIL_V5\C51\LIB\C51L.LIB (?C?CSTPTR)
  C:\KEIL_V5\C51\LIB\C51L.LIB (?C?PLDIDATA)
  C:\KEIL_V5\C51\LIB\C51L.LIB (?C?PLDPDATA)
  C:\KEIL_V5\C51\LIB\C51L.LIB (?C?PLDCODE)
  C:\KEIL_V5\C51\LIB\C51L.LIB (PUTCHAR)


LINK MAP OF MODULE:  .\Out\Objects\project (MAIN)


            TYPE    BASE      LENGTH    RELOCATION   SEGMENT NAME
            -----------------------------------------------------

            * * * * * * *   D A T A   M E M O R Y   * * * * * * *
            REG     0000H     0008H     ABSOLUTE     "REG BANK 0"
            DATA    0008H     0005H     UNIT         ?DT?PRINTF?PRINTF
                    000DH     0013H                  *** GAP ***
            BIT     0020H.0   0001H.1   UNIT         ?BI?PRINTF?PRINTF
            BIT     0021H.1   0000H.1   UNIT         ?BI?BSP
                    0021H.2   0000H.6                *** GAP ***
            IDATA   0022H     0023H     UNIT         ?ID?BSP_KEY
            IDATA   0045H     0001H     UNIT         ?STACK

            * * * * * * *  X D A T A   M E M O R Y  * * * * * * *
            XDATA   0000H     00A3H     UNIT         ?XD?BSP_UART
            XDATA   00A3H     009FH     UNIT         ?XD?APP_DOME
            XDATA   0142H     0029H     UNIT         ?XD?APP_2D4
            XDATA   016BH     0028H     UNIT         ?XD?PRINTF?PRINTF
            XDATA   0193H     001AH     UNIT         _XDATA_GROUP_
            XDATA   01ADH     0017H     UNIT         ?XD?APP_UART
            XDATA   01C4H     0013H     UNIT         ?XD?_RF_CARRIER?BSP_2D4
            XDATA   01D7H     0012H     UNIT         ?XD?APP_REPEAT_EXE
            XDATA   01E9H     000CH     UNIT         ?XD?BSP_TIMER0
            XDATA   01F5H     0006H     UNIT         ?XD?_APP_EEPROM_WRITE_BUF?APP_EEPROM
            XDATA   01FBH     0006H     UNIT         ?XD?_WRITE_DATAFLASH_BUF?BSP_EEPROM
            XDATA   0201H     0005H     UNIT         ?XD?BSP_2D4
            XDATA   0206H     0004H     UNIT         ?XD?_INITIALUART1_TIMER3?COMMON
            XDATA   020AH     0004H     UNIT         ?XD?_TIMER0_DELAY100US?DELAY
            XDATA   020EH     0004H     UNIT         ?XD?_TIMER0_DELAY1MS?DELAY
            XDATA   0212H     0004H     UNIT         ?XD?_TIMER1_DELAY10MS?DELAY
            XDATA   0216H     0004H     UNIT         ?XD?_TIMER2_DELAY500US?DELAY
            XDATA   021AH     0004H     UNIT         ?XD?_TIMER3_DELAY100MS?DELAY
            XDATA   021EH     0004H     UNIT         ?XD?_TIMER3_DELAY10US?DELAY
            XDATA   0222H     0003H     UNIT         ?XD?APP_WORK
            XDATA   0225H     0003H     UNIT         ?XD?BSP_KEY
            XDATA   0228H     0002H     UNIT         ?XD?MAIN
            XDATA   022AH     0002H     UNIT         ?XD?APP_CRC
            XDATA   022CH     0001H     UNIT         ?XD?APP_WORK_1S_PRO?APP_WORK
            XDATA   022DH     0001H     UNIT         ?XD?BSP_EEPROM
BL51 BANKED LINKER/LOCATER V6.22                                                      12/06/2017  22:51:18  PAGE 3



            * * * * * * *   C O D E   M E M O R Y   * * * * * * *
            CODE    0000H     0003H     ABSOLUTE     
            CODE    0003H     0008H     UNIT         ?PR?_READ_APROM_BYTE?BSP_EEPROM
            CODE    000BH     0003H     ABSOLUTE     
            CODE    000EH     0015H     UNIT         ?PR?APP_DOME_START_CURRENT?APP_DOME
            CODE    0023H     0003H     ABSOLUTE     
            CODE    0026H     0C17H     UNIT         ?PR?APP_UART_PRO?APP_UART
            CODE    0C3DH     0841H     UNIT         ?PR?APP_DOME_INTERRUPTER?APP_DOME
            CODE    147EH     07F2H     UNIT         ?PR?_APP_2D4_RCV?APP_2D4
            CODE    1C70H     0581H     UNIT         ?C?LIB_CODE
            CODE    21F1H     0365H     UNIT         ?PR?PRINTF?PRINTF
            CODE    2556H     01BCH     UNIT         ?PR?MAIN?MAIN
            CODE    2712H     013DH     UNIT         ?PR?_BSP_DETECTKEY?BSP_KEY
            CODE    284FH     012EH     UNIT         ?PR?RF_INIT?BSP_2D4
            CODE    297DH     0112H     UNIT         ?CO?VERSION
            CODE    2A8FH     00F0H     UNIT         ?PR?_APP_UART_SEND?APP_UART
            CODE    2B7FH     00EFH     UNIT         ?PR?_LIGHT_RGB_SET?BSP_LIGHT
            CODE    2C6EH     00E3H     UNIT         ?PR?_RF_CARRIER?BSP_2D4
            CODE    2D51H     00B5H     UNIT         ?PR?REPEAT_PRO?APP_REPEAT_EXE
            CODE    2E06H     00A1H     UNIT         ?PR?_WRITE_DATAFLASH_BUF?BSP_EEPROM
            CODE    2EA7H     009CH     UNIT         ?PR?APP_WORK_1S_PRO?APP_WORK
            CODE    2F43H     009AH     UNIT         ?C_C51STARTUP
            CODE    2FDDH     0095H     UNIT         ?C_INITSEG
            CODE    3072H     0092H     UNIT         ?PR?APP_DOME_INIT?APP_DOME
            CODE    3104H     0081H     UNIT         ?PR?TIMER0_ISR?BSP_TIMER0
            CODE    3185H     007FH     UNIT         ?PR?_APP_2D4_SEND?APP_2D4
            CODE    3204H     007EH     UNIT         ?PR?_APP_CALCCRC8_CYCLE?APP_CRC
            CODE    3282H     0077H     UNIT         ?PR?_APP_DOME_START?APP_DOME
            CODE    32F9H     006DH     UNIT         ?PR?_WRITE_DATAFLASH_BYTE?BSP_EEPROM
            CODE    3366H     0065H     UNIT         ?PR?_INITIALUART0_TIMER3?COMMON
            CODE    33CBH     005FH     UNIT         ?PR?SHOW_FW_VERSION_NUMBER_TO_PC?VERSION
            CODE    342AH     005EH     UNIT         ?PR?_INITIALUART1_TIMER3?COMMON
            CODE    3488H     005AH     UNIT         ?PR?_APP_DOME_SINGLE_CYCLE?APP_DOME
            CODE    34E2H     005AH     UNIT         ?PR?_APP_EEPROM_GET_DOME_WITH_INDEX?APP_EEPROM
            CODE    353CH     0059H     UNIT         ?PR?_APP_CALCCRC8?APP_CRC
            CODE    3595H     0057H     UNIT         ?PR?BSP_INITKEYVAR?BSP_KEY
            CODE    35ECH     0052H     UNIT         ?PR?LIGHT_INITHARD?BSP_LIGHT
            CODE    363EH     004FH     UNIT         ?PR?APP_2D4_PRO?APP_2D4
            CODE    368DH     004EH     UNIT         ?PR?_TIMER2_DELAY500US?DELAY
            CODE    36DBH     004DH     UNIT         ?PR?APP_COLOR_BLINK_PREVIOUS?APP_DOME
            CODE    3728H     004DH     UNIT         ?PR?_TIMER3_DELAY100MS?DELAY
            CODE    3775H     004DH     UNIT         ?PR?_TIMER3_DELAY10US?DELAY
            CODE    37C2H     004BH     UNIT         ?PR?APP_COLOR_BLINK_NEXT?APP_DOME
            CODE    380DH     004BH     UNIT         ?PR?_TIMER0_DELAY100US?DELAY
            CODE    3858H     004BH     UNIT         ?PR?_TIMER0_DELAY1MS?DELAY
            CODE    38A3H     004BH     UNIT         ?PR?_TIMER1_DELAY10MS?DELAY
            CODE    38EEH     0047H     UNIT         ?PR?SERIALPORT0_ISR?BSP_UART
            CODE    3935H     0045H     UNIT         ?PR?_ERASE_DATAFLASH?BSP_EEPROM
            CODE    397AH     0044H     UNIT         ?PR?_APP_DOME_RGB?APP_DOME
            CODE    39BEH     0043H     UNIT         ?PR?_APP_DOME_SUBDOME_PRO?APP_DOME
            CODE    3A01H     003FH     UNIT         ?PR?_RF_TXDATA?BSP_2D4
            CODE    3A40H     003BH     UNIT         ?PR?_INITIALUART0_TIMER1?COMMON
            CODE    3A7BH     0039H     UNIT         ?PR?_RF_WRITEBUF?BSP_2D4
            CODE    3AB4H     0035H     UNIT         ?PR?_RF_READBUF?BSP_2D4
            CODE    3AE9H     0033H     UNIT         ?PR?_LIGHT_RED_SET?BSP_LIGHT
            CODE    3B1CH     0032H     UNIT         ?PR?_REPEAT_START?APP_REPEAT_EXE
BL51 BANKED LINKER/LOCATER V6.22                                                      12/06/2017  22:51:18  PAGE 4


            CODE    3B4EH     0032H     UNIT         ?PR?_APP_DOME_GET_CURRENT_NAME?APP_DOME
            CODE    3B80H     0029H     UNIT         ?PR?_UCRF_DUMPRXDATA?BSP_2D4
            CODE    3BA9H     0027H     UNIT         ?PR?APP_2D4_INIT?APP_2D4
            CODE    3BD0H     0027H     UNIT         ?PR?PUTCHAR?PUTCHAR
            CODE    3BF7H     0026H     UNIT         ?PR?RF_RXMODE?BSP_2D4
            CODE    3C1DH     0024H     UNIT         ?CO?BSP_2D4
            CODE    3C41H     0024H     UNIT         ?PR?_LIGHT_BRIGHT_SET?BSP_LIGHT
            CODE    3C65H     0024H     UNIT         ?PR?_BSP_SETKEYPARAM?BSP_KEY
            CODE    3C89H     0023H     UNIT         ?PR?APP_DOME_PREVIOUS?APP_DOME
            CODE    3CACH     0023H     UNIT         ?PR?_SPI_WR?BSP_2D4
            CODE    3CCFH     0020H     UNIT         ?PR?TIMER0_INITHARD?BSP_TIMER0
            CODE    3CEFH     001EH     UNIT         ?CO?APP_DOME
            CODE    3D0DH     001DH     UNIT         ?PR?APP_DOME_NEXT?APP_DOME
            CODE    3D2AH     001DH     UNIT         ?PR?UART_INITHARD?BSP_UART
            CODE    3D47H     001DH     UNIT         ?PR?_SPI_WW?BSP_2D4
            CODE    3D64H     001CH     UNIT         ?PR?TIMER0_PARAMINIT?BSP_TIMER0
            CODE    3D80H     001CH     UNIT         ?PR?BSP_GETKEY?BSP_KEY
            CODE    3D9CH     001CH     UNIT         ?PR?BSP_GETKEY2?BSP_KEY
            CODE    3DB8H     001BH     UNIT         ?PR?APP_DOME_STOP_CURRENT?APP_DOME
            CODE    3DD3H     001BH     UNIT         ?PR?BSP_KEYSCAN?BSP_KEY
            CODE    3DEEH     0019H     UNIT         ?PR?UCSPI_READ?BSP_2D4
            CODE    3E07H     0018H     UNIT         ?PR?APP_UART_INIT?APP_UART
            CODE    3E1FH     0015H     UNIT         ?PR?BSP_INIT?BSP
            CODE    3E34H     0014H     UNIT         ?PR?REPEAT_STOP?APP_REPEAT_EXE
            CODE    3E48H     0014H     UNIT         ?PR?_BSP_PUTKEY?BSP_KEY
            CODE    3E5CH     0013H     UNIT         ?PR?WIRELESS2D4_INITHARD?BSP_2D4
            CODE    3E6FH     0013H     UNIT         ?PR?_RF_WRITEREG?BSP_2D4
            CODE    3E82H     0013H     UNIT         ?PR?_UCRF_READREG?BSP_2D4
            CODE    3E95H     0012H     UNIT         ?PR?_APP_EEPROM_WRITE_BUF?APP_EEPROM
            CODE    3EA7H     0011H     UNIT         ?PR?BSP_INITKEYHARD?BSP_KEY
            CODE    3EB8H     000EH     UNIT         ?PR?REPEAT_START_EXE?APP_REPEAT_EXE
            CODE    3EC6H     000EH     UNIT         ?PR?REPEAT_STOP_EXE?APP_REPEAT_EXE
            CODE    3ED4H     000EH     UNIT         ?PR?RF_TXMODE?BSP_2D4
            CODE    3EE2H     000EH     UNIT         ?PR?_RF_SETCHANNEL?BSP_2D4
            CODE    3EF0H     000DH     UNIT         ?PR?_LIGHT_GREEN_SET?BSP_LIGHT
            CODE    3EFDH     000DH     UNIT         ?PR?_LIGHT_BLUE_SET?BSP_LIGHT
            CODE    3F0AH     000CH     UNIT         ?PR?RF_CLEARFIFO?BSP_2D4
            CODE    3F16H     000CH     UNIT         ?PR?_ABS?ABS
            CODE    3F22H     000BH     UNIT         ?PR?_BSP_GETKEYSTATE?BSP_KEY
            CODE    3F2DH     000AH     UNIT         ?PR?_APP_EEPROM_ERASE?APP_EEPROM
            CODE    3F37H     000AH     UNIT         ?PR?_APP_EEPROM_WRITE_BYTE?APP_EEPROM
            CODE    3F41H     000AH     UNIT         ?PR?UCRF_GETSTATUS?BSP_2D4
            CODE    3F4BH     000AH     UNIT         ?PR?_RELAY_SET?BSP_RELAY
            CODE    3F55H     0009H     UNIT         ?PR?RELAY_INITHARD?BSP_RELAY
            CODE    3F5EH     0008H     UNIT         ?PR?RECEIVE_DATA_FROM_UART0?COMMON
            CODE    3F66H     0008H     UNIT         ?PR?_SEND_DATA_TO_UART0?COMMON
            CODE    3F6EH     0008H     UNIT         ?PR?RECEIVE_DATA_FROM_UART1?COMMON
            CODE    3F76H     0008H     UNIT         ?PR?_SEND_DATA_TO_UART1?COMMON
            CODE    3F7EH     0007H     UNIT         ?PR?RF_CLEARSTATUS?BSP_2D4
            CODE    3F85H     0007H     UNIT         ?PR?ISKEYDOWN1?BSP_KEY
            CODE    3F8CH     0007H     UNIT         ?PR?ISKEYDOWN2?BSP_KEY
            CODE    3F93H     0006H     UNIT         ?PR?_REPEAT_SETSTART?APP_REPEAT_EXE
            CODE    3F99H     0006H     UNIT         ?PR?_REPEAT_SETSTOP?APP_REPEAT_EXE
            CODE    3F9FH     0006H     UNIT         ?PR?UCRF_GETRSSI?BSP_2D4
            CODE    3FA5H     0006H     UNIT         ?PR?RELAY_ISON?BSP_RELAY
            CODE    3FABH     0006H     UNIT         ?PR?BSP_INITKEY?BSP_KEY
            CODE    3FB1H     0006H     UNIT         ?PR?BSP_CLEARKEY?BSP_KEY
BL51 BANKED LINKER/LOCATER V6.22                                                      12/06/2017  22:51:18  PAGE 5


            CODE    3FB7H     0004H     UNIT         ?PR?_APP_EEPROM_READ_BYTE?APP_EEPROM
            CODE    3FBBH     0003H     UNIT         ?PR?RELAY_ON?BSP_RELAY
            CODE    3FBEH     0003H     UNIT         ?PR?RELAY_OFF?BSP_RELAY
            CODE    3FC1H     0003H     UNIT         ?PR?RELAY_TOGGLE?BSP_RELAY
            CODE    3FC4H     0001H     UNIT         ?PR?APP_WORK_INIT?APP_WORK
            CODE    3FC5H     0001H     UNIT         ?PR?APP_WORK_100MS_PRO?APP_WORK
            CODE    3FC6H     0001H     UNIT         ?PR?APP_WORK_PRO?APP_WORK
            CODE    3FC7H     0001H     UNIT         ?PR?APP_EEPROM_INIT?APP_EEPROM
            CODE    3FC8H     0001H     UNIT         ?PR?APP_EEPROM_100MS_PRO?APP_EEPROM
            CODE    3FC9H     0001H     UNIT         ?PR?APP_EEPROM_PRO?APP_EEPROM
            CODE    3FCAH     0001H     UNIT         ?PR?SPI_INIT?BSP_2D4
            CODE    3FCBH     0001H     UNIT         ?PR?EEPROM_INITHARD?BSP_EEPROM



OVERLAY MAP OF MODULE:   .\Out\Objects\project (MAIN)


SEGMENT                                            XDATA_GROUP
  +--> CALLED SEGMENT                            START    LENGTH
----------------------------------------------------------------
?C_C51STARTUP                                    -----    -----
  +--> ?PR?MAIN?MAIN
  +--> ?C_INITSEG

?PR?MAIN?MAIN                                    0193H    0003H
  +--> ?PR?BSP_INIT?BSP
  +--> ?PR?APP_EEPROM_INIT?APP_EEPROM
  +--> ?PR?APP_2D4_INIT?APP_2D4
  +--> ?PR?APP_WORK_INIT?APP_WORK
  +--> ?PR?APP_UART_INIT?APP_UART
  +--> ?PR?APP_DOME_INIT?APP_DOME
  +--> ?PR?APP_DOME_INTERRUPTER?APP_DOME
  +--> ?PR?BSP_KEYSCAN?BSP_KEY
  +--> ?PR?APP_UART_PRO?APP_UART
  +--> ?PR?APP_2D4_PRO?APP_2D4
  +--> ?PR?BSP_GETKEY?BSP_KEY
  +--> ?PR?APP_DOME_NEXT?APP_DOME
  +--> ?PR?_APP_DOME_GET_CURRENT_NAME?APP_DOME
  +--> ?PR?_APP_2D4_SEND?APP_2D4
  +--> ?PR?APP_DOME_STOP_CURRENT?APP_DOME
  +--> ?PR?APP_DOME_START_CURRENT?APP_DOME
  +--> ?PR?RELAY_TOGGLE?BSP_RELAY

?PR?BSP_INIT?BSP                                 -----    -----
  +--> ?PR?WIRELESS2D4_INITHARD?BSP_2D4
  +--> ?PR?RELAY_INITHARD?BSP_RELAY
  +--> ?PR?BSP_INITKEY?BSP_KEY
  +--> ?PR?LIGHT_INITHARD?BSP_LIGHT
  +--> ?PR?TIMER0_INITHARD?BSP_TIMER0
  +--> ?PR?UART_INITHARD?BSP_UART

?PR?RELAY_INITHARD?BSP_RELAY                     -----    -----
  +--> ?PR?RELAY_OFF?BSP_RELAY

?PR?BSP_INITKEY?BSP_KEY                          -----    -----
  +--> ?PR?BSP_INITKEYVAR?BSP_KEY
BL51 BANKED LINKER/LOCATER V6.22                                                      12/06/2017  22:51:18  PAGE 6


  +--> ?PR?BSP_INITKEYHARD?BSP_KEY

?PR?BSP_INITKEYVAR?BSP_KEY                       -----    -----
  +--> ?PR?ISKEYDOWN1?BSP_KEY
  +--> ?PR?ISKEYDOWN2?BSP_KEY

?PR?LIGHT_INITHARD?BSP_LIGHT                     -----    -----
  +--> ?PR?_LIGHT_RGB_SET?BSP_LIGHT

?PR?_LIGHT_RGB_SET?BSP_LIGHT                     01A0H    000AH
  +--> ?PR?_LIGHT_RED_SET?BSP_LIGHT
  +--> ?PR?_LIGHT_GREEN_SET?BSP_LIGHT
  +--> ?PR?_LIGHT_BLUE_SET?BSP_LIGHT

?PR?TIMER0_INITHARD?BSP_TIMER0                   -----    -----
  +--> ?PR?TIMER0_PARAMINIT?BSP_TIMER0

?PR?UART_INITHARD?BSP_UART                       -----    -----
  +--> ?PR?_INITIALUART0_TIMER3?COMMON

?PR?_INITIALUART0_TIMER3?COMMON                  0196H    0004H

?PR?APP_2D4_INIT?APP_2D4                         -----    -----
  +--> ?PR?RF_INIT?BSP_2D4
  +--> ?PR?RF_RXMODE?BSP_2D4

?PR?RF_INIT?BSP_2D4                              0196H    0012H
  +--> ?CO?BSP_2D4
  +--> ?PR?SPI_INIT?BSP_2D4
  +--> ?PR?_RF_WRITEREG?BSP_2D4
  +--> ?PR?_RF_WRITEBUF?BSP_2D4

?PR?_RF_WRITEREG?BSP_2D4                         -----    -----
  +--> ?PR?_SPI_WW?BSP_2D4

?PR?_RF_WRITEBUF?BSP_2D4                         01A8H    0005H
  +--> ?PR?_SPI_WW?BSP_2D4

?PR?RF_RXMODE?BSP_2D4                            -----    -----
  +--> ?PR?_RF_WRITEREG?BSP_2D4

?PR?APP_DOME_INIT?APP_DOME                       0196H    0002H
  +--> ?PR?_APP_EEPROM_READ_BYTE?APP_EEPROM
  +--> ?PR?APP_DOME_STOP_CURRENT?APP_DOME

?PR?_APP_EEPROM_READ_BYTE?APP_EEPROM             -----    -----
  +--> ?PR?_READ_APROM_BYTE?BSP_EEPROM

?PR?APP_DOME_STOP_CURRENT?APP_DOME               -----    -----
  +--> ?PR?_LIGHT_RGB_SET?BSP_LIGHT

?PR?APP_DOME_INTERRUPTER?APP_DOME                0196H    0004H
  +--> ?PR?_ABS?ABS
  +--> ?PR?_LIGHT_RGB_SET?BSP_LIGHT
  +--> ?PR?_APP_DOME_SUBDOME_PRO?APP_DOME

?PR?_APP_DOME_SUBDOME_PRO?APP_DOME               019AH    0001H
BL51 BANKED LINKER/LOCATER V6.22                                                      12/06/2017  22:51:18  PAGE 7


  +--> ?PR?APP_DOME_NEXT?APP_DOME
  +--> ?PR?_APP_DOME_SINGLE_CYCLE?APP_DOME

?PR?APP_DOME_NEXT?APP_DOME                       -----    -----
  +--> ?PR?_APP_DOME_START?APP_DOME

?PR?_APP_DOME_START?APP_DOME                     019DH    0001H
  +--> ?PR?_LIGHT_RGB_SET?BSP_LIGHT
  +--> ?PR?_APP_EEPROM_GET_DOME_WITH_INDEX?A...

?PR?_APP_EEPROM_GET_DOME_WITH_INDEX?A...         019EH    0005H
  +--> ?PR?_READ_APROM_BYTE?BSP_EEPROM

?PR?_APP_DOME_SINGLE_CYCLE?APP_DOME              019BH    0001H

?PR?BSP_KEYSCAN?BSP_KEY                          0196H    0001H
  +--> ?PR?_BSP_DETECTKEY?BSP_KEY

?PR?_BSP_DETECTKEY?BSP_KEY                       0197H    0001H
  +--> ?PR?_BSP_PUTKEY?BSP_KEY

?PR?APP_UART_PRO?APP_UART                        0196H    0004H
  +--> ?PR?_APP_CALCCRC8_CYCLE?APP_CRC
  +--> ?PR?_APP_EEPROM_ERASE?APP_EEPROM
  +--> ?PR?_APP_EEPROM_WRITE_BYTE?APP_EEPROM
  +--> ?PR?_APP_UART_SEND?APP_UART
  +--> ?PR?APP_DOME_START_CURRENT?APP_DOME
  +--> ?PR?APP_DOME_STOP_CURRENT?APP_DOME
  +--> ?PR?_APP_DOME_GET_CURRENT_NAME?APP_DOME
  +--> ?PR?_APP_2D4_SEND?APP_2D4
  +--> ?PR?_APP_DOME_RGB?APP_DOME
  +--> ?PR?_LIGHT_BRIGHT_SET?BSP_LIGHT
  +--> ?PR?_APP_DOME_START?APP_DOME
  +--> ?PR?_RELAY_SET?BSP_RELAY

?PR?_APP_CALCCRC8_CYCLE?APP_CRC                  019AH    0006H

?PR?_APP_EEPROM_ERASE?APP_EEPROM                 -----    -----
  +--> ?PR?_ERASE_DATAFLASH?BSP_EEPROM

?PR?_APP_EEPROM_WRITE_BYTE?APP_EEPROM            -----    -----
  +--> ?PR?_WRITE_DATAFLASH_BYTE?BSP_EEPROM

?PR?_APP_UART_SEND?APP_UART                      019DH    0005H
  +--> ?PR?_APP_CALCCRC8?APP_CRC
  +--> ?PR?_SEND_DATA_TO_UART0?COMMON

?PR?_APP_CALCCRC8?APP_CRC                        01A2H    0003H

?PR?APP_DOME_START_CURRENT?APP_DOME              -----    -----
  +--> ?PR?_APP_DOME_START?APP_DOME

?PR?_APP_DOME_GET_CURRENT_NAME?APP_DOME          019DH    0003H

?PR?_APP_2D4_SEND?APP_2D4                        019DH    0004H
  +--> ?PR?RF_TXMODE?BSP_2D4

BL51 BANKED LINKER/LOCATER V6.22                                                      12/06/2017  22:51:18  PAGE 8


?PR?RF_TXMODE?BSP_2D4                            -----    -----
  +--> ?PR?_RF_WRITEREG?BSP_2D4

?PR?_APP_DOME_RGB?APP_DOME                       019DH    0003H
  +--> ?PR?APP_DOME_STOP_CURRENT?APP_DOME
  +--> ?PR?_LIGHT_RGB_SET?BSP_LIGHT

?PR?_LIGHT_BRIGHT_SET?BSP_LIGHT                  -----    -----
  +--> ?PR?_LIGHT_RGB_SET?BSP_LIGHT

?PR?_RELAY_SET?BSP_RELAY                         -----    -----
  +--> ?PR?RELAY_ON?BSP_RELAY
  +--> ?PR?RELAY_OFF?BSP_RELAY

?PR?APP_2D4_PRO?APP_2D4                          -----    -----
  +--> ?PR?UCRF_GETSTATUS?BSP_2D4
  +--> ?PR?RF_CLEARFIFO?BSP_2D4
  +--> ?PR?RF_CLEARSTATUS?BSP_2D4
  +--> ?PR?RF_RXMODE?BSP_2D4
  +--> ?PR?_RF_TXDATA?BSP_2D4
  +--> ?PR?_UCRF_DUMPRXDATA?BSP_2D4
  +--> ?PR?_APP_2D4_RCV?APP_2D4

?PR?UCRF_GETSTATUS?BSP_2D4                       -----    -----
  +--> ?PR?_UCRF_READREG?BSP_2D4

?PR?_UCRF_READREG?BSP_2D4                        -----    -----
  +--> ?PR?_SPI_WR?BSP_2D4
  +--> ?PR?UCSPI_READ?BSP_2D4

?PR?RF_CLEARFIFO?BSP_2D4                         -----    -----
  +--> ?PR?_RF_WRITEREG?BSP_2D4

?PR?RF_CLEARSTATUS?BSP_2D4                       -----    -----
  +--> ?PR?_RF_WRITEREG?BSP_2D4

?PR?_RF_TXDATA?BSP_2D4                           0196H    0002H
  +--> ?PR?UCRF_GETSTATUS?BSP_2D4
  +--> ?PR?_RF_WRITEBUF?BSP_2D4
  +--> ?PR?_RF_WRITEREG?BSP_2D4

?PR?_UCRF_DUMPRXDATA?BSP_2D4                     -----    -----
  +--> ?PR?UCRF_GETSTATUS?BSP_2D4
  +--> ?PR?_RF_WRITEREG?BSP_2D4
  +--> ?PR?_RF_READBUF?BSP_2D4
  +--> ?PR?RF_CLEARFIFO?BSP_2D4
  +--> ?PR?RF_CLEARSTATUS?BSP_2D4

?PR?_RF_READBUF?BSP_2D4                          0196H    0005H
  +--> ?PR?_SPI_WR?BSP_2D4
  +--> ?PR?UCSPI_READ?BSP_2D4

?PR?_APP_2D4_RCV?APP_2D4                         0196H    0007H
  +--> ?PR?RELAY_ON?BSP_RELAY
  +--> ?PR?RELAY_OFF?BSP_RELAY
  +--> ?PR?RELAY_TOGGLE?BSP_RELAY
  +--> ?PR?RELAY_ISON?BSP_RELAY
BL51 BANKED LINKER/LOCATER V6.22                                                      12/06/2017  22:51:18  PAGE 9


  +--> ?PR?APP_DOME_START_CURRENT?APP_DOME
  +--> ?PR?APP_DOME_PREVIOUS?APP_DOME
  +--> ?PR?_APP_DOME_GET_CURRENT_NAME?APP_DOME
  +--> ?PR?APP_DOME_NEXT?APP_DOME
  +--> ?PR?_APP_DOME_START?APP_DOME
  +--> ?PR?_APP_UART_SEND?APP_UART
  +--> ?PR?APP_DOME_STOP_CURRENT?APP_DOME
  +--> ?PR?_APP_2D4_SEND?APP_2D4
  +--> ?PR?APP_COLOR_BLINK_NEXT?APP_DOME
  +--> ?PR?APP_COLOR_BLINK_PREVIOUS?APP_DOME
  +--> ?PR?_LIGHT_BRIGHT_SET?BSP_LIGHT

?PR?APP_DOME_PREVIOUS?APP_DOME                   -----    -----
  +--> ?PR?_APP_DOME_START?APP_DOME

?PR?APP_COLOR_BLINK_NEXT?APP_DOME                -----    -----
  +--> ?CO?APP_DOME
  +--> ?PR?_APP_DOME_RGB?APP_DOME

?PR?APP_COLOR_BLINK_PREVIOUS?APP_DOME            -----    -----
  +--> ?CO?APP_DOME
  +--> ?PR?_APP_DOME_RGB?APP_DOME



SYMBOL TABLE OF MODULE:  .\Out\Objects\project (MAIN)

  VALUE           TYPE          NAME
  ----------------------------------

  -------         MODULE        MAIN
  C:0000H         SYMBOL        _ICE_DUMMY_
  D:0080H         PUBLIC        P0
  D:0090H         PUBLIC        P1
  D:00A0H         PUBLIC        P2
  D:00B0H         PUBLIC        P3
  D:00D8H         PUBLIC        PWMCON0
  D:00A8H         PUBLIC        IE
  D:00B8H         PUBLIC        IP
  C:2556H         PUBLIC        main
  D:0098H         PUBLIC        SCON
  D:0088H         PUBLIC        TCON
  D:00F8H         PUBLIC        SCON_1
  X:0229H         SYMBOL        dome_cnt
  D:00E8H         PUBLIC        ADCCON0
  D:00C0H         PUBLIC        I2CON
  D:00C8H         PUBLIC        T2CON
  D:00D0H         PUBLIC        PSW
  -------         PROC          MAIN
  -------         DO            
  X:0193H         SYMBOL        ucKeyCode
  -------         DO            
  X:0228H         SYMBOL        press_long_lock
  -------         DO            
  X:0194H         SYMBOL        index
  X:0195H         SYMBOL        i
  -------         ENDDO         
BL51 BANKED LINKER/LOCATER V6.22                                                      12/06/2017  22:51:18  PAGE 10


  -------         ENDDO         
  -------         ENDDO         
  C:2556H         LINE#         5
  C:2556H         LINE#         29
  C:2559H         LINE#         32
  C:255CH         LINE#         33
  C:255FH         LINE#         34
  C:2562H         LINE#         35
  C:2565H         LINE#         36
  C:2568H         LINE#         39
  C:2568H         LINE#         42
  C:256EH         LINE#         43
  C:2570H         LINE#         46
  C:2576H         LINE#         47
  C:2580H         LINE#         48
  C:25A5H         LINE#         49
  C:25A5H         LINE#         50
  C:25A5H         LINE#         51
  C:25A5H         LINE#         52
  C:25A7H         LINE#         53
  C:25C9H         LINE#         54
  C:25CBH         LINE#         55
  C:25CEH         LINE#         56
  C:25CEH         LINE#         57
  C:25CEH         LINE#         59
  C:25CEH         LINE#         61
  C:25D4H         LINE#         62
  C:25D6H         LINE#         64
  C:25D9H         LINE#         67
  C:25DCH         LINE#         68
  C:25DFH         LINE#         70
  C:25DFH         LINE#         71
  C:25E5H         LINE#         72
  C:25E7H         LINE#         78
  C:25E7H         LINE#         79
  C:25EDH         LINE#         80
  C:25EFH         LINE#         83
  C:25EFH         LINE#         84
  C:25F5H         LINE#         85
  C:25F7H         LINE#         93
  C:25F7H         LINE#         96
  C:25FFH         LINE#         97
  C:2604H         LINE#         99
  C:2619H         LINE#         100
  C:2619H         LINE#         101
  C:2622H         LINE#         104
  C:262CH         LINE#         105
  C:2633H         LINE#         106
  C:2636H         LINE#         107
  C:264AH         LINE#         108
  C:265EH         LINE#         109
  C:2672H         LINE#         110
  C:2684H         LINE#         111
  C:268BH         LINE#         112
  C:26A8H         LINE#         113
  C:26C4H         LINE#         114
  C:26CCH         LINE#         115
BL51 BANKED LINKER/LOCATER V6.22                                                      12/06/2017  22:51:18  PAGE 11


  C:26D2H         LINE#         116
  C:26DDH         LINE#         117
  C:26DDH         LINE#         119
  C:26DDH         LINE#         120
  C:26E2H         LINE#         121
  C:26E5H         LINE#         122
  C:26E5H         LINE#         123
  C:26E5H         LINE#         124
  C:26E5H         LINE#         125
  C:26EBH         LINE#         126
  C:26F3H         LINE#         127
  C:26F6H         LINE#         129
  C:26F9H         LINE#         130
  C:26FCH         LINE#         131
  C:2703H         LINE#         132
  C:2706H         LINE#         134
  C:2709H         LINE#         135
  C:2709H         LINE#         136
  C:270CH         LINE#         137
  C:270CH         LINE#         138
  C:270CH         LINE#         139
  C:270CH         LINE#         141
  C:270FH         LINE#         158
  C:270FH         LINE#         160
  -------         ENDPROC       MAIN
  -------         ENDMOD        MAIN

  -------         MODULE        APP_WORK
  C:0000H         SYMBOL        _ICE_DUMMY_
  D:0080H         PUBLIC        P0
  D:0090H         PUBLIC        P1
  D:00A0H         PUBLIC        P2
  D:00B0H         PUBLIC        P3
  D:00D8H         PUBLIC        PWMCON0
  D:00A8H         PUBLIC        IE
  D:00B8H         PUBLIC        IP
  C:3FC6H         SYMBOL        app_work_pro
  C:2EA7H         PUBLIC        app_work_1s_pro
  D:0098H         PUBLIC        SCON
  D:0088H         PUBLIC        TCON
  D:00F8H         PUBLIC        SCON_1
  D:00E8H         PUBLIC        ADCCON0
  D:00C0H         PUBLIC        I2CON
  C:3FC4H         PUBLIC        app_work_Init
  X:0223H         PUBLIC        g_tWork
  D:00C8H         PUBLIC        T2CON
  C:3FC5H         PUBLIC        app_work_100ms_pro
  D:00D0H         PUBLIC        PSW
  -------         PROC          APP_WORK_INIT
  C:3FC4H         LINE#         12
  C:3FC4H         LINE#         16
  -------         ENDPROC       APP_WORK_INIT
  -------         PROC          APP_WORK_1S_PRO
  -------         DO            
  X:0222H         SYMBOL        cnt
  X:022CH         SYMBOL        index
  D:0007H         SYMBOL        i
BL51 BANKED LINKER/LOCATER V6.22                                                      12/06/2017  22:51:18  PAGE 12


  -------         ENDDO         
  C:2EA7H         LINE#         18
  C:2EA7H         LINE#         20
  C:2EACH         LINE#         22
  C:2EB2H         LINE#         23
  C:2EBBH         LINE#         24
  C:2EBDH         LINE#         25
  C:2EC1H         LINE#         26
  C:2ED2H         LINE#         27
  C:2EE6H         LINE#         28
  C:2EFAH         LINE#         29
  C:2F12H         LINE#         30
  C:2F2EH         LINE#         31
  C:2F31H         LINE#         32
  C:2F37H         LINE#         33
  C:2F42H         LINE#         34
  C:2F42H         LINE#         36
  -------         ENDPROC       APP_WORK_1S_PRO
  -------         PROC          APP_WORK_100MS_PRO
  C:3FC5H         LINE#         37
  C:3FC5H         LINE#         39
  -------         ENDPROC       APP_WORK_100MS_PRO
  -------         PROC          APP_WORK_PRO
  C:3FC6H         LINE#         41
  C:3FC6H         LINE#         43
  -------         ENDPROC       APP_WORK_PRO
  -------         ENDMOD        APP_WORK

  -------         MODULE        APP_REPEAT_EXE
  C:0000H         SYMBOL        _ICE_DUMMY_
  D:0080H         PUBLIC        P0
  D:0090H         PUBLIC        P1
  D:00A0H         PUBLIC        P2
  D:00B0H         PUBLIC        P3
  C:3F93H         PUBLIC        _Repeat_SetStart
  D:00D8H         PUBLIC        PWMCON0
  D:00A8H         PUBLIC        IE
  C:3EC6H         SYMBOL        Repeat_Stop_exe
  D:00B8H         PUBLIC        IP
  C:3F99H         PUBLIC        _Repeat_SetStop
  X:01D7H         SYMBOL        g_tRepeat
  D:0098H         PUBLIC        SCON
  D:0088H         PUBLIC        TCON
  D:00F8H         PUBLIC        SCON_1
  C:3B1CH         PUBLIC        _Repeat_Start
  D:00E8H         PUBLIC        ADCCON0
  D:00C0H         PUBLIC        I2CON
  D:00C8H         PUBLIC        T2CON
  C:3E34H         PUBLIC        Repeat_Stop
  C:2D51H         PUBLIC        Repeat_Pro
  C:3EB8H         SYMBOL        Repeat_Start_exe
  D:00D0H         PUBLIC        PSW
  -------         PROC          _REPEAT_SETSTART
  D:0001H         SYMBOL        fun
  C:3F93H         LINE#         12
  C:3F93H         LINE#         13
  -------         ENDPROC       _REPEAT_SETSTART
BL51 BANKED LINKER/LOCATER V6.22                                                      12/06/2017  22:51:18  PAGE 13


  -------         PROC          _REPEAT_SETSTOP
  D:0001H         SYMBOL        fun
  C:3F99H         LINE#         16
  C:3F99H         LINE#         17
  -------         ENDPROC       _REPEAT_SETSTOP
  -------         PROC          REPEAT_START_EXE
  C:3EB8H         LINE#         20
  C:3EB8H         LINE#         21
  C:3EC2H         LINE#         22
  C:3EC5H         LINE#         23
  C:3EC5H         LINE#         24
  -------         ENDPROC       REPEAT_START_EXE
  -------         PROC          REPEAT_STOP_EXE
  C:3EC6H         LINE#         26
  C:3EC6H         LINE#         27
  C:3ED0H         LINE#         28
  C:3ED3H         LINE#         29
  C:3ED3H         LINE#         30
  -------         ENDPROC       REPEAT_STOP_EXE
  -------         PROC          _REPEAT_START
  D:0006H         SYMBOL        _usStartTime
  D:0004H         SYMBOL        _usStopTime
  D:0002H         SYMBOL        _usCycle
  C:3B1CH         LINE#         42
  C:3B1CH         LINE#         43
  C:3B1CH         LINE#         44
  C:3B20H         LINE#         46
  C:3B20H         LINE#         48
  C:3B28H         LINE#         49
  C:3B30H         LINE#         50
  C:3B38H         LINE#         51
  C:3B3DH         LINE#         52
  C:3B41H         LINE#         53
  C:3B45H         LINE#         54
  C:3B4AH         LINE#         56
  C:3B4DH         LINE#         57
  -------         ENDPROC       _REPEAT_START
  -------         PROC          REPEAT_STOP
  C:3E34H         LINE#         67
  C:3E34H         LINE#         68
  C:3E39H         LINE#         69
  C:3E3CH         LINE#         70
  C:3E45H         LINE#         71
  -------         ENDPROC       REPEAT_STOP
  -------         PROC          REPEAT_PRO
  C:2D51H         LINE#         83
  C:2D51H         LINE#         85
  C:2D68H         LINE#         87
  C:2D68H         LINE#         89
  C:2D6EH         LINE#         90
  C:2D7AH         LINE#         91
  C:2D7AH         LINE#         92
  C:2D93H         LINE#         93
  C:2D96H         LINE#         94
  C:2D9DH         LINE#         95
  C:2DA2H         LINE#         96
  C:2DA2H         LINE#         97
BL51 BANKED LINKER/LOCATER V6.22                                                      12/06/2017  22:51:18  PAGE 14


  C:2DA3H         LINE#         99
  C:2DA3H         LINE#         100
  C:2DABH         LINE#         101
  C:2DC3H         LINE#         103
  C:2DD2H         LINE#         104
  C:2DE5H         LINE#         106
  C:2DEAH         LINE#         107
  C:2DEAH         LINE#         109
  C:2DF0H         LINE#         110
  C:2DF7H         LINE#         112
  C:2DF7H         LINE#         113
  C:2DF7H         LINE#         114
  C:2DFEH         LINE#         115
  C:2E02H         LINE#         117
  C:2E05H         LINE#         118
  C:2E05H         LINE#         119
  C:2E05H         LINE#         121
  -------         ENDPROC       REPEAT_PRO
  -------         ENDMOD        APP_REPEAT_EXE

  -------         MODULE        APP_2D4
  C:0000H         SYMBOL        _ICE_DUMMY_
  D:0080H         PUBLIC        P0
  D:0090H         PUBLIC        P1
  D:00A0H         PUBLIC        P2
  D:00B0H         PUBLIC        P3
  C:3BA9H         PUBLIC        app_2d4_init
  D:00D8H         PUBLIC        PWMCON0
  D:00A8H         PUBLIC        IE
  D:00B8H         PUBLIC        IP
  C:363EH         PUBLIC        app_2d4_pro
  D:0098H         PUBLIC        SCON
  D:0088H         PUBLIC        TCON
  D:00F8H         PUBLIC        SCON_1
  X:0142H         PUBLIC        sendBuf
  X:0152H         SYMBOL        sendRcv_flag
  D:00E8H         PUBLIC        ADCCON0
  D:00C0H         PUBLIC        I2CON
  D:00C8H         PUBLIC        T2CON
  X:0153H         SYMBOL        rcvBuf
  X:0163H         PUBLIC        tmpBuf
  C:147EH         SYMBOL        _app_2d4_Rcv
  C:318FH         PUBLIC        _app_2d4_send
  D:00D0H         PUBLIC        PSW
  -------         PROC          APP_2D4_INIT
  C:3BA9H         LINE#         22
  C:3BA9H         LINE#         24
  C:3BAEH         LINE#         25
  C:3BBBH         LINE#         26
  C:3BCAH         LINE#         28
  C:3BCDH         LINE#         31
  -------         ENDPROC       APP_2D4_INIT
  -------         PROC          L?0142
  -------         ENDPROC       L?0142
  -------         PROC          _APP_2D4_SEND
  X:019DH         SYMBOL        d
  X:01A0H         SYMBOL        len
BL51 BANKED LINKER/LOCATER V6.22                                                      12/06/2017  22:51:18  PAGE 15


  -------         DO            
  D:0006H         SYMBOL        i
  -------         ENDDO         
  C:318FH         LINE#         41
  C:319AH         LINE#         45
  C:319DH         LINE#         46
  C:319DH         LINE#         47
  C:319EH         LINE#         48
  C:319FH         LINE#         49
  C:31A0H         LINE#         51
  C:31ABH         LINE#         52
  C:31AEH         LINE#         53
  C:31B4H         LINE#         55
  C:31B7H         LINE#         56
  C:31B8H         LINE#         57
  C:31B9H         LINE#         58
  C:31BAH         LINE#         59
  C:31BBH         LINE#         60
  C:31C6H         LINE#         62
  C:31DEH         LINE#         63
  C:31EDH         LINE#         64
  C:3203H         LINE#         65
  C:3203H         LINE#         66
  -------         ENDPROC       _APP_2D4_SEND
  -------         PROC          _APP_2D4_RCV
  X:0196H         SYMBOL        buf
  -------         DO            
  X:0199H         SYMBOL        tmp
  X:019AH         SYMBOL        i
  X:019BH         SYMBOL        index
  X:019CH         SYMBOL        check
  -------         ENDDO         
  C:147EH         LINE#         70
  C:1484H         LINE#         71
  C:1489H         LINE#         72
  C:148BH         LINE#         73
  C:148DH         LINE#         74
  C:148FH         LINE#         81
  C:1499H         LINE#         83
  C:1499H         LINE#         84
  C:14ADH         LINE#         86
  C:14ADH         LINE#         87
  C:14D4H         LINE#         88
  C:14EFH         LINE#         89
  C:14F7H         LINE#         90
  C:1518H         LINE#         92
  C:1518H         LINE#         94
  C:1527H         LINE#         95
  C:152CH         LINE#         96
  C:1593H         LINE#         97
  C:1593H         LINE#         119
  C:1593H         LINE#         121
  C:1596H         LINE#         150
  C:1596H         LINE#         151
  C:15A5H         LINE#         152
  C:15A8H         LINE#         153
  C:15B9H         LINE#         154
BL51 BANKED LINKER/LOCATER V6.22                                                      12/06/2017  22:51:18  PAGE 16


  C:15BCH         LINE#         155
  C:15CDH         LINE#         156
  C:15D0H         LINE#         157
  C:15D0H         LINE#         158
  C:15E4H         LINE#         159
  C:15F8H         LINE#         160
  C:1618H         LINE#         161
  C:1621H         LINE#         162
  C:1632H         LINE#         163
  C:1634H         LINE#         164
  C:1645H         LINE#         165
  C:1645H         LINE#         166
  C:1667H         LINE#         167
  C:1683H         LINE#         168
  C:168BH         LINE#         169
  C:168BH         LINE#         170
  C:168BH         LINE#         171
  C:1696H         LINE#         172
  C:1699H         LINE#         173
  C:169CH         LINE#         174
  C:16A6H         LINE#         175
  C:16A9H         LINE#         176
  C:16BDH         LINE#         177
  C:16D1H         LINE#         178
  C:16E5H         LINE#         179
  C:16F7H         LINE#         180
  C:16FEH         LINE#         181
  C:171DH         LINE#         182
  C:1739H         LINE#         183
  C:1741H         LINE#         184
  C:1741H         LINE#         185
  C:1741H         LINE#         186
  C:1741H         LINE#         187
  C:1744H         LINE#         191
  C:1744H         LINE#         192
  C:174FH         LINE#         193
  C:1752H         LINE#         194
  C:1755H         LINE#         195
  C:175FH         LINE#         196
  C:1762H         LINE#         197
  C:1776H         LINE#         198
  C:178AH         LINE#         199
  C:179EH         LINE#         200
  C:17B0H         LINE#         201
  C:17B7H         LINE#         202
  C:17D6H         LINE#         203
  C:17F2H         LINE#         204
  C:17FAH         LINE#         205
  C:17FAH         LINE#         206
  C:17FAH         LINE#         207
  C:17FAH         LINE#         208
  C:17FDH         LINE#         212
  C:17FDH         LINE#         214
  C:17FDH         LINE#         215
  C:17FDH         LINE#         220
  C:1804H         LINE#         221
  C:1807H         LINE#         222
BL51 BANKED LINKER/LOCATER V6.22                                                      12/06/2017  22:51:18  PAGE 17


  C:1809H         LINE#         223
  C:1810H         LINE#         224
  C:1813H         LINE#         225
  C:1818H         LINE#         226
  C:1818H         LINE#         231
  C:182CH         LINE#         232
  C:1840H         LINE#         233
  C:1854H         LINE#         234
  C:186EH         LINE#         235
  C:1878H         LINE#         236
  C:1888H         LINE#         237
  C:188AH         LINE#         238
  C:189BH         LINE#         239
  C:189BH         LINE#         240
  C:18ADH         LINE#         241
  C:18BCH         LINE#         242
  C:18D8H         LINE#         243
  C:18D8H         LINE#         244
  C:18F4H         LINE#         245
  C:18F4H         LINE#         246
  C:18FCH         LINE#         247
  C:1903H         LINE#         248
  C:1922H         LINE#         249
  C:193EH         LINE#         250
  C:1946H         LINE#         251
  C:1946H         LINE#         252
  C:1946H         LINE#         253
  C:1949H         LINE#         254
  C:1949H         LINE#         255
  C:1949H         LINE#         256
  C:194BH         LINE#         257
  C:194BH         LINE#         258
  C:194BH         LINE#         259
  C:194DH         LINE#         260
  C:194DH         LINE#         261
  C:194DH         LINE#         262
  C:194FH         LINE#         263
  C:194FH         LINE#         264
  C:195CH         LINE#         265
  C:195EH         LINE#         266
  C:195EH         LINE#         267
  C:196BH         LINE#         268
  C:196DH         LINE#         270
  C:196DH         LINE#         271
  C:197AH         LINE#         272
  C:197CH         LINE#         273
  C:197CH         LINE#         274
  C:1989H         LINE#         275
  C:198BH         LINE#         276
  C:198BH         LINE#         277
  C:1998H         LINE#         278
  C:199AH         LINE#         279
  C:199AH         LINE#         280
  C:19A7H         LINE#         281
  C:19A9H         LINE#         282
  C:19A9H         LINE#         283
  C:19B6H         LINE#         284
BL51 BANKED LINKER/LOCATER V6.22                                                      12/06/2017  22:51:18  PAGE 18


  C:19B8H         LINE#         285
  C:19B8H         LINE#         287
  C:19B8H         LINE#         288
  C:19B8H         LINE#         289
  C:19C5H         LINE#         290
  C:19C7H         LINE#         291
  C:19D7H         LINE#         293
  C:19DAH         LINE#         294
  C:19DAH         LINE#         295
  C:19E2H         LINE#         296
  C:19E5H         LINE#         297
  C:19E8H         LINE#         298
  C:19EAH         LINE#         299
  C:19F1H         LINE#         300
  C:19F4H         LINE#         301
  C:19F4H         LINE#         302
  C:19FFH         LINE#         303
  C:19FFH         LINE#         304
  C:19FFH         LINE#         305
  C:1A13H         LINE#         306
  C:1A27H         LINE#         307
  C:1A3BH         LINE#         308
  C:1A42H         LINE#         309
  C:1A52H         LINE#         310
  C:1A54H         LINE#         311
  C:1A65H         LINE#         312
  C:1A65H         LINE#         313
  C:1A77H         LINE#         315
  C:1A86H         LINE#         316
  C:1AA2H         LINE#         317
  C:1AA2H         LINE#         318
  C:1ABEH         LINE#         319
  C:1ABEH         LINE#         320
  C:1AC6H         LINE#         322
  C:1ACDH         LINE#         323
  C:1AECH         LINE#         324
  C:1B08H         LINE#         325
  C:1B10H         LINE#         326
  C:1B14H         LINE#         327
  C:1B17H         LINE#         329
  C:1B1AH         LINE#         330
  C:1B1AH         LINE#         331
  C:1B21H         LINE#         332
  C:1B24H         LINE#         333
  C:1B27H         LINE#         334
  C:1B2AH         LINE#         335
  C:1B2AH         LINE#         336
  C:1B36H         LINE#         337
  C:1B3AH         LINE#         338
  C:1B43H         LINE#         339
  C:1B46H         LINE#         340
  C:1B46H         LINE#         341
  C:1B46H         LINE#         342
  C:1B49H         LINE#         343
  C:1B49H         LINE#         347
  C:1B50H         LINE#         349
  C:1B55H         LINE#         350
BL51 BANKED LINKER/LOCATER V6.22                                                      12/06/2017  22:51:18  PAGE 19


  C:1B58H         LINE#         351
  C:1B58H         LINE#         352
  C:1B64H         LINE#         353
  C:1B68H         LINE#         354
  C:1B68H         LINE#         355
  C:1B6BH         LINE#         356
  C:1B6BH         LINE#         357
  C:1B6EH         LINE#         358
  C:1B71H         LINE#         359
  C:1B71H         LINE#         361
  C:1B78H         LINE#         362
  C:1B7BH         LINE#         363
  C:1B7EH         LINE#         364
  C:1B81H         LINE#         365
  C:1B81H         LINE#         366
  C:1B8AH         LINE#         367
  C:1B8EH         LINE#         368
  C:1B94H         LINE#         369
  C:1B97H         LINE#         370
  C:1B97H         LINE#         371
  C:1B97H         LINE#         372
  C:1B97H         LINE#         373
  C:1B99H         LINE#         374
  C:1B99H         LINE#         375
  C:1B9CH         LINE#         376
  C:1B9FH         LINE#         377
  C:1B9FH         LINE#         378
  C:1BA8H         LINE#         379
  C:1BACH         LINE#         380
  C:1BACH         LINE#         381
  C:1BB4H         LINE#         383
  C:1BB7H         LINE#         384
  C:1BB7H         LINE#         385
  C:1BBAH         LINE#         386
  C:1BCEH         LINE#         387
  C:1BE2H         LINE#         388
  C:1BF6H         LINE#         389
  C:1BFFH         LINE#         390
  C:1C10H         LINE#         391
  C:1C12H         LINE#         392
  C:1C23H         LINE#         393
  C:1C23H         LINE#         394
  C:1C42H         LINE#         395
  C:1C5EH         LINE#         396
  C:1C66H         LINE#         397
  C:1C66H         LINE#         398
  C:1C66H         LINE#         399
  C:1C66H         LINE#         400
  C:1C66H         LINE#         404
  C:1C66H         LINE#         405
  C:1C66H         LINE#         406
  C:1C66H         LINE#         407
  C:1C66H         LINE#         408
  C:1C66H         LINE#         411
  C:1C66H         LINE#         412
  C:1C6CH         LINE#         413
  C:1C6CH         LINE#         414
BL51 BANKED LINKER/LOCATER V6.22                                                      12/06/2017  22:51:18  PAGE 20


  C:1C6FH         LINE#         415
  C:1C6FH         LINE#         417
  -------         ENDPROC       _APP_2D4_RCV
  -------         PROC          APP_2D4_PRO
  C:363EH         LINE#         419
  C:363EH         LINE#         421
  C:3644H         LINE#         423
  C:3654H         LINE#         424
  C:3654H         LINE#         426
  C:3657H         LINE#         427
  C:365AH         LINE#         429
  C:365FH         LINE#         430
  C:3662H         LINE#         434
  C:3662H         LINE#         435
  C:3662H         LINE#         437
  C:3662H         LINE#         438
  C:3662H         LINE#         439
  C:3664H         LINE#         440
  C:3664H         LINE#         442
  C:3667H         LINE#         443
  C:366AH         LINE#         444
  C:366AH         LINE#         445
  C:366AH         LINE#         447
  C:3675H         LINE#         449
  C:3675H         LINE#         450
  C:3675H         LINE#         452
  C:3675H         LINE#         453
  C:3683H         LINE#         454
  C:368CH         LINE#         455
  C:368CH         LINE#         456
  C:368CH         LINE#         457
  -------         ENDPROC       APP_2D4_PRO
  -------         ENDMOD        APP_2D4

  -------         MODULE        APP_UART
  C:0000H         SYMBOL        _ICE_DUMMY_
  D:0080H         PUBLIC        P0
  D:0090H         PUBLIC        P1
  D:00A0H         PUBLIC        P2
  D:00B0H         PUBLIC        P3
  D:00D8H         PUBLIC        PWMCON0
  D:00A8H         PUBLIC        IE
  C:0026H         PUBLIC        app_uart_pro
  D:00B8H         PUBLIC        IP
  X:01ADH         SYMBOL        index
  D:0098H         PUBLIC        SCON
  D:0088H         PUBLIC        TCON
  X:01AEH         SYMBOL        len
  D:00F8H         PUBLIC        SCON_1
  X:01AFH         SYMBOL        tmp
  C:3E07H         PUBLIC        app_uart_Init
  D:00E8H         PUBLIC        ADCCON0
  D:00C0H         PUBLIC        I2CON
  X:01B1H         SYMBOL        u8_tmp
  D:00C8H         PUBLIC        T2CON
  X:01B2H         SYMBOL        i
  X:01B3H         SYMBOL        j
BL51 BANKED LINKER/LOCATER V6.22                                                      12/06/2017  22:51:18  PAGE 21


  X:01B4H         SYMBOL        uart_sendBuf
  C:2A8FH         PUBLIC        _app_uart_send
  D:00D0H         PUBLIC        PSW
  -------         PROC          APP_UART_INIT
  C:3E07H         LINE#         25
  C:3E07H         LINE#         26
  C:3E0CH         LINE#         27
  C:3E0EH         LINE#         28
  C:3E12H         LINE#         30
  -------         ENDPROC       APP_UART_INIT
  -------         PROC          _APP_UART_SEND
  D:0007H         SYMBOL        cmd
  X:019EH         SYMBOL        ptr
  X:01A1H         SYMBOL        len
  C:2A8FH         LINE#         33
  C:2A95H         LINE#         34
  C:2A9AH         LINE#         36
  C:2AABH         LINE#         37
  C:2ABFH         LINE#         38
  C:2AD8H         LINE#         39
  C:2AEBH         LINE#         40
  C:2AFEH         LINE#         41
  C:2B20H         LINE#         42
  C:2B28H         LINE#         43
  C:2B48H         LINE#         45
  C:2B67H         LINE#         46
  C:2B76H         LINE#         47
  C:2B7EH         LINE#         48
  -------         ENDPROC       _APP_UART_SEND
  -------         PROC          APP_UART_PRO
  -------         DO            
  X:0196H         SYMBOL        index
  X:0196H         SYMBOL        switchData
  -------         DO            
  X:0198H         SYMBOL        addr
  -------         ENDDO         
  -------         ENDDO         
  -------         DO            
  X:0196H         SYMBOL        switchData
  -------         ENDDO         
  C:0026H         LINE#         50
  C:0026H         LINE#         51
  C:002FH         LINE#         52
  C:0031H         LINE#         53
  C:0054H         LINE#         54
  C:008BH         LINE#         55
  C:008BH         LINE#         56
  C:00A8H         LINE#         57
  C:00D8H         LINE#         58
  C:00D8H         LINE#         59
  C:0124H         LINE#         61
  C:0124H         LINE#         62
  C:0124H         LINE#         63
  C:0127H         LINE#         64
  C:012CH         LINE#         65
  C:0139H         LINE#         66
  C:018FH         LINE#         67
BL51 BANKED LINKER/LOCATER V6.22                                                      12/06/2017  22:51:18  PAGE 22


  C:018FH         LINE#         68
  C:018FH         LINE#         69
  C:0196H         LINE#         70
  C:01BAH         LINE#         72
  C:01C0H         LINE#         74
  C:01D2H         LINE#         75
  C:01D2H         LINE#         76
  C:01D2H         LINE#         77
  C:01D8H         LINE#         78
  C:01E2H         LINE#         79
  C:01F2H         LINE#         80
  C:01FDH         LINE#         81
  C:0205H         LINE#         82
  C:0205H         LINE#         93
  C:022CH         LINE#         99
  C:0252H         LINE#         100
  C:026BH         LINE#         102
  C:0295H         LINE#         105
  C:0295H         LINE#         99
  C:029DH         LINE#         122
  C:02A6H         LINE#         123
  C:02B7H         LINE#         124
  C:02B7H         LINE#         125
  C:02BAH         LINE#         126
  C:02BAH         LINE#         127
  C:02CEH         LINE#         128
  C:02E6H         LINE#         129
  C:02FAH         LINE#         130
  C:030EH         LINE#         131
  C:0346H         LINE#         133
  C:034EH         LINE#         134
  C:036DH         LINE#         135
  C:0389H         LINE#         136
  C:0391H         LINE#         137
  C:0391H         LINE#         138
  C:0391H         LINE#         139
  C:0394H         LINE#         140
  C:0394H         LINE#         141
  C:03A8H         LINE#         142
  C:03C0H         LINE#         143
  C:03D4H         LINE#         144
  C:03E8H         LINE#         145
  C:0420H         LINE#         147
  C:0428H         LINE#         148
  C:0447H         LINE#         149
  C:0463H         LINE#         150
  C:046BH         LINE#         151
  C:046BH         LINE#         152
  C:046BH         LINE#         153
  C:046EH         LINE#         170
  C:046EH         LINE#         171
  C:0478H         LINE#         172
  C:0478H         LINE#         173
  C:0478H         LINE#         174
  C:048CH         LINE#         175
  C:04A4H         LINE#         176
  C:04B8H         LINE#         177
BL51 BANKED LINKER/LOCATER V6.22                                                      12/06/2017  22:51:18  PAGE 23


  C:04CCH         LINE#         178
  C:0504H         LINE#         180
  C:050CH         LINE#         181
  C:052BH         LINE#         182
  C:0547H         LINE#         183
  C:054FH         LINE#         184
  C:054FH         LINE#         185
  C:054FH         LINE#         186
  C:0552H         LINE#         187
  C:0552H         LINE#         188
  C:055CH         LINE#         189
  C:055CH         LINE#         190
  C:055CH         LINE#         191
  C:0570H         LINE#         192
  C:0588H         LINE#         193
  C:059CH         LINE#         194
  C:05B0H         LINE#         195
  C:05E8H         LINE#         197
  C:05F0H         LINE#         198
  C:060FH         LINE#         199
  C:062BH         LINE#         200
  C:0633H         LINE#         201
  C:0633H         LINE#         202
  C:0633H         LINE#         203
  C:0636H         LINE#         204
  C:0636H         LINE#         205
  C:0640H         LINE#         206
  C:0640H         LINE#         207
  C:0640H         LINE#         208
  C:0654H         LINE#         209
  C:066CH         LINE#         210
  C:0680H         LINE#         211
  C:0694H         LINE#         212
  C:06CCH         LINE#         214
  C:06D4H         LINE#         215
  C:06F3H         LINE#         216
  C:070FH         LINE#         217
  C:0717H         LINE#         218
  C:0717H         LINE#         219
  C:0717H         LINE#         220
  C:071AH         LINE#         221
  C:071AH         LINE#         222
  C:0724H         LINE#         223
  C:0724H         LINE#         224
  C:0724H         LINE#         225
  C:0738H         LINE#         226
  C:0750H         LINE#         227
  C:0764H         LINE#         228
  C:0778H         LINE#         229
  C:07B0H         LINE#         231
  C:07B8H         LINE#         232
  C:07D7H         LINE#         233
  C:07F3H         LINE#         234
  C:07FBH         LINE#         235
  C:07FBH         LINE#         236
  C:07FBH         LINE#         237
  C:07FEH         LINE#         238
BL51 BANKED LINKER/LOCATER V6.22                                                      12/06/2017  22:51:18  PAGE 24


  C:07FEH         LINE#         239
  C:0812H         LINE#         240
  C:082AH         LINE#         241
  C:083EH         LINE#         242
  C:0852H         LINE#         243
  C:088AH         LINE#         245
  C:0892H         LINE#         246
  C:08B1H         LINE#         247
  C:08CDH         LINE#         248
  C:08D5H         LINE#         249
  C:08D5H         LINE#         250
  C:08D5H         LINE#         251
  C:08D8H         LINE#         252
  C:08D8H         LINE#         253
  C:08E2H         LINE#         254
  C:08E2H         LINE#         255
  C:08E2H         LINE#         256
  C:08F6H         LINE#         257
  C:090EH         LINE#         258
  C:0922H         LINE#         260
  C:0936H         LINE#         261
  C:096EH         LINE#         263
  C:0976H         LINE#         264
  C:0995H         LINE#         265
  C:09B1H         LINE#         266
  C:09B9H         LINE#         267
  C:09B9H         LINE#         268
  C:09B9H         LINE#         270
  C:09BCH         LINE#         272
  C:09BCH         LINE#         273
  C:09C4H         LINE#         274
  C:09C7H         LINE#         275
  C:09CAH         LINE#         276
  C:09CCH         LINE#         277
  C:09D3H         LINE#         278
  C:09D6H         LINE#         279
  C:09D6H         LINE#         280
  C:09EAH         LINE#         281
  C:09FEH         LINE#         282
  C:0A12H         LINE#         283
  C:0A1CH         LINE#         284
  C:0A2CH         LINE#         285
  C:0A2EH         LINE#         286
  C:0A3FH         LINE#         287
  C:0A3FH         LINE#         288
  C:0A51H         LINE#         290
  C:0A60H         LINE#         291
  C:0A7EH         LINE#         292
  C:0A7EH         LINE#         293
  C:0A9AH         LINE#         294
  C:0A9AH         LINE#         295
  C:0AA2H         LINE#         297
  C:0AA9H         LINE#         298
  C:0AC8H         LINE#         299
  C:0AE4H         LINE#         300
  C:0AECH         LINE#         301
  C:0AF2H         LINE#         302
BL51 BANKED LINKER/LOCATER V6.22                                                      12/06/2017  22:51:18  PAGE 25


  C:0AFDH         LINE#         303
  C:0B00H         LINE#         304
  C:0B00H         LINE#         308
  C:0B07H         LINE#         310
  C:0B08H         LINE#         312
  C:0B0BH         LINE#         313
  C:0B0BH         LINE#         315
  C:0B6DH         LINE#         322
  C:0B70H         LINE#         323
  C:0B70H         LINE#         324
  C:0B91H         LINE#         326
  C:0B94H         LINE#         328
  C:0B96H         LINE#         329
  C:0B96H         LINE#         330
  C:0BB6H         LINE#         332
  C:0BB8H         LINE#         333
  C:0BB8H         LINE#         334
  C:0BBFH         LINE#         335
  C:0BC2H         LINE#         336
  C:0BE2H         LINE#         338
  C:0BE4H         LINE#         339
  C:0BE4H         LINE#         340
  C:0C04H         LINE#         342
  C:0C0BH         LINE#         343
  C:0C12H         LINE#         344
  C:0C12H         LINE#         345
  C:0C12H         LINE#         346
  C:0C12H         LINE#         348
  C:0C12H         LINE#         349
  C:0C12H         LINE#         350
  C:0C12H         LINE#         351
  C:0C1FH         LINE#         353
  C:0C28H         LINE#         357
  C:0C28H         LINE#         358
  C:0C28H         LINE#         359
  C:0C28H         LINE#         360
  C:0C2EH         LINE#         361
  C:0C2EH         LINE#         362
  C:0C39H         LINE#         363
  C:0C39H         LINE#         364
  C:0C3CH         LINE#         366
  -------         ENDPROC       APP_UART_PRO
  -------         ENDMOD        APP_UART

  -------         MODULE        APP_CRC
  C:0000H         SYMBOL        _ICE_DUMMY_
  D:0080H         PUBLIC        P0
  D:0090H         PUBLIC        P1
  D:00A0H         PUBLIC        P2
  D:00B0H         PUBLIC        P3
  D:00D8H         PUBLIC        PWMCON0
  D:00A8H         PUBLIC        IE
  D:00B8H         PUBLIC        IP
  C:3204H         PUBLIC        _app_CalcCRC8_cycle
  C:353CH         PUBLIC        _app_CalcCRC8
  D:0098H         PUBLIC        SCON
  D:0088H         PUBLIC        TCON
BL51 BANKED LINKER/LOCATER V6.22                                                      12/06/2017  22:51:18  PAGE 26


  X:022AH         SYMBOL        crc
  D:00F8H         PUBLIC        SCON_1
  D:00E8H         PUBLIC        ADCCON0
  D:00C0H         PUBLIC        I2CON
  D:00C8H         PUBLIC        T2CON
  X:022BH         SYMBOL        i
  D:00D0H         PUBLIC        PSW
  -------         PROC          _APP_CALCCRC8
  X:01A2H         SYMBOL        ptr
  D:0006H         SYMBOL        len
  C:353CH         LINE#         12
  C:3544H         LINE#         14
  C:3549H         LINE#         15
  C:354FH         LINE#         16
  C:3566H         LINE#         17
  C:3572H         LINE#         18
  C:3579H         LINE#         19
  C:3580H         LINE#         21
  C:3587H         LINE#         22
  C:358FH         LINE#         23
  C:358FH         LINE#         24
  C:3594H         LINE#         25
  -------         ENDPROC       _APP_CALCCRC8
  -------         PROC          _APP_CALCCRC8_CYCLE
  X:019AH         SYMBOL        ptr
  D:0006H         SYMBOL        len
  X:019EH         SYMBOL        pos
  X:019FH         SYMBOL        bufLen
  C:3204H         LINE#         27
  C:320CH         LINE#         28
  C:320CH         LINE#         29
  C:3211H         LINE#         30
  C:3217H         LINE#         31
  C:322EH         LINE#         32
  C:3234H         LINE#         33
  C:323FH         LINE#         34
  C:3241H         LINE#         35
  C:3251H         LINE#         36
  C:3251H         LINE#         37
  C:325FH         LINE#         38
  C:3266H         LINE#         39
  C:326DH         LINE#         41
  C:3274H         LINE#         42
  C:327CH         LINE#         43
  C:327CH         LINE#         44
  C:3281H         LINE#         45
  -------         ENDPROC       _APP_CALCCRC8_CYCLE
  -------         ENDMOD        APP_CRC

  -------         MODULE        APP_DOME
  C:0000H         SYMBOL        _ICE_DUMMY_
  D:0080H         PUBLIC        P0
  X:00A3H         PUBLIC        blink_number
  D:0090H         PUBLIC        P1
  D:00A0H         PUBLIC        P2
  X:00A4H         PUBLIC        dome_running_param
  D:00B0H         PUBLIC        P3
BL51 BANKED LINKER/LOCATER V6.22                                                      12/06/2017  22:51:18  PAGE 27


  D:00D8H         PUBLIC        PWMCON0
  D:00A8H         PUBLIC        IE
  X:00ACH         SYMBOL        color_blink_index
  D:00B8H         PUBLIC        IP
  X:00ADH         PUBLIC        dome_blink
  C:36DBH         PUBLIC        app_color_blink_previous
  C:3488H         PUBLIC        _app_dome_single_cycle
  C:3C89H         PUBLIC        app_dome_previous
  X:011FH         SYMBOL        subDome_Assist
  C:39BEH         SYMBOL        _app_dome_subDome_pro
  D:0098H         PUBLIC        SCON
  D:0088H         PUBLIC        TCON
  C:3B4EH         PUBLIC        _app_dome_get_current_Name
  X:0125H         SYMBOL        cyc
  C:3072H         PUBLIC        app_dome_Init
  C:000EH         PUBLIC        app_dome_start_current
  D:00F8H         PUBLIC        SCON_1
  X:0126H         SYMBOL        tmp
  X:012AH         SYMBOL        subDome
  X:0137H         SYMBOL        domePro
  D:00E8H         PUBLIC        ADCCON0
  C:37C2H         PUBLIC        app_color_blink_next
  C:3282H         PUBLIC        _app_dome_start
  C:3DB8H         PUBLIC        app_dome_stop_current
  D:00C0H         PUBLIC        I2CON
  C:397AH         PUBLIC        _app_dome_rgb
  D:00C8H         PUBLIC        T2CON
  C:3D0DH         PUBLIC        app_dome_next
  C:3CEFH         PUBLIC        color_blink_buffer
  X:0138H         SYMBOL        domeHeader
  C:0C3DH         PUBLIC        app_dome_interrupter
  D:00D0H         PUBLIC        PSW
  -------         PROC          APP_DOME_INIT
  -------         DO            
  X:0196H         SYMBOL        i
  X:0197H         SYMBOL        u8_tmp
  -------         ENDDO         
  C:3072H         LINE#         378
  C:3072H         LINE#         379
  C:3077H         LINE#         380
  C:3079H         LINE#         383
  C:307CH         LINE#         384
  C:3081H         LINE#         385
  C:3093H         LINE#         386
  C:30A7H         LINE#         387
  C:30A7H         LINE#         388
  C:30ADH         LINE#         389
  C:30ADH         LINE#         390
  C:30ADH         LINE#         391
  C:30ADH         LINE#         392
  C:30B5H         LINE#         393
  C:30BBH         LINE#         394
  C:30CAH         LINE#         396
  C:30D9H         LINE#         397
  C:30E8H         LINE#         398
  C:30F7H         LINE#         400
  C:30FDH         LINE#         401
BL51 BANKED LINKER/LOCATER V6.22                                                      12/06/2017  22:51:18  PAGE 28


  C:3101H         LINE#         403
  -------         ENDPROC       APP_DOME_INIT
  -------         PROC          APP_COLOR_BLINK_PREVIOUS
  C:36DBH         LINE#         406
  C:36DBH         LINE#         407
  C:36E1H         LINE#         408
  C:36E3H         LINE#         409
  C:36E5H         LINE#         410
  C:36EBH         LINE#         411
  C:36EBH         LINE#         412
  -------         ENDPROC       APP_COLOR_BLINK_PREVIOUS
  -------         PROC          APP_COLOR_BLINK_NEXT
  C:37C2H         LINE#         416
  C:37C2H         LINE#         417
  C:37C8H         LINE#         418
  C:37CEH         LINE#         419
  C:37D0H         LINE#         420
  C:37D0H         LINE#         421
  -------         ENDPROC       APP_COLOR_BLINK_NEXT
  -------         PROC          APP_DOME_PREVIOUS
  C:3C89H         LINE#         426
  C:3C89H         LINE#         427
  C:3C8FH         LINE#         428
  C:3C91H         LINE#         429
  C:3C93H         LINE#         430
  C:3CA4H         LINE#         431
  C:3CA4H         LINE#         432
  -------         ENDPROC       APP_DOME_PREVIOUS
  -------         PROC          APP_DOME_NEXT
  C:3D0DH         LINE#         435
  C:3D0DH         LINE#         436
  C:3D13H         LINE#         437
  C:3D20H         LINE#         438
  C:3D22H         LINE#         439
  C:3D22H         LINE#         440
  -------         ENDPROC       APP_DOME_NEXT
  -------         PROC          _APP_DOME_GET_CURRENT_NAME
  X:019DH         SYMBOL        name
  D:0005H         SYMBOL        len
  C:3B4EH         LINE#         444
  C:3B54H         LINE#         445
  C:3B5AH         LINE#         446
  C:3B66H         LINE#         448
  C:3B66H         LINE#         449
  C:3B7FH         LINE#         450
  -------         ENDPROC       _APP_DOME_GET_CURRENT_NAME
  -------         PROC          APP_DOME_START_CURRENT
  C:000EH         LINE#         451
  C:000EH         LINE#         452
  C:0014H         LINE#         454
  C:001BH         LINE#         455
  -------         ENDPROC       APP_DOME_START_CURRENT
  -------         PROC          APP_DOME_STOP_CURRENT
  C:3DB8H         LINE#         457
  C:3DB8H         LINE#         458
  C:3DBFH         LINE#         460
  C:3DC4H         LINE#         461
BL51 BANKED LINKER/LOCATER V6.22                                                      12/06/2017  22:51:18  PAGE 29


  C:3DCAH         LINE#         462
  -------         ENDPROC       APP_DOME_STOP_CURRENT
  -------         PROC          _APP_DOME_SINGLE_CYCLE
  X:019BH         SYMBOL        subIndex
  C:3488H         LINE#         464
  C:348DH         LINE#         465
  C:34A0H         LINE#         466
  C:34A4H         LINE#         467
  C:34AEH         LINE#         469
  C:34B0H         LINE#         471
  C:34CFH         LINE#         472
  C:34CFH         LINE#         473
  -------         ENDPROC       _APP_DOME_SINGLE_CYCLE
  -------         PROC          _APP_DOME_START
  X:019DH         SYMBOL        domeIndex
  C:3282H         LINE#         480
  C:3287H         LINE#         481
  C:328CH         LINE#         482
  C:3294H         LINE#         483
  C:3299H         LINE#         485
  C:329FH         LINE#         486
  C:32A8H         LINE#         488
  C:32A8H         LINE#         491
  C:32BAH         LINE#         492
  C:32BCH         LINE#         493
  C:32C0H         LINE#         494
  C:32C2H         LINE#         495
  C:32C4H         LINE#         496
  C:32C4H         LINE#         499
  C:32D2H         LINE#         550
  C:32E5H         LINE#         553
  C:32F8H         LINE#         556
  -------         ENDPROC       _APP_DOME_START
  -------         PROC          _APP_DOME_SUBDOME_PRO
  X:019AH         SYMBOL        subIndex
  C:39BEH         LINE#         558
  C:39C3H         LINE#         560
  C:39C8H         LINE#         561
  C:39D0H         LINE#         562
  C:39D6H         LINE#         564
  C:39DDH         LINE#         565
  C:39E3H         LINE#         566
  C:39E9H         LINE#         567
  C:39E9H         LINE#         568
  C:39EBH         LINE#         569
  C:39F0H         LINE#         570
  C:39F3H         LINE#         571
  C:39F3H         LINE#         572
  C:39F3H         LINE#         573
  C:39F8H         LINE#         574
  C:3A00H         LINE#         575
  C:3A00H         LINE#         576
  -------         ENDPROC       _APP_DOME_SUBDOME_PRO
  -------         PROC          _APP_DOME_RGB
  X:019DH         SYMBOL        r
  X:019EH         SYMBOL        g
  X:019FH         SYMBOL        b
BL51 BANKED LINKER/LOCATER V6.22                                                      12/06/2017  22:51:18  PAGE 30


  C:397AH         LINE#         578
  C:3985H         LINE#         579
  C:3988H         LINE#         580
  C:3993H         LINE#         581
  C:399EH         LINE#         582
  C:39ADH         LINE#         584
  -------         ENDPROC       _APP_DOME_RGB
  -------         PROC          APP_DOME_INTERRUPTER
  -------         DO            
  X:0196H         SYMBOL        tt
  -------         ENDDO         
  C:0C3DH         LINE#         594
  C:0C3DH         LINE#         598
  C:0C47H         LINE#         600
  C:0C47H         LINE#         602
  C:0C4DH         LINE#         603
  C:0C50H         LINE#         605
  C:0C50H         LINE#         607
  C:0C63H         LINE#         609
  C:0C63H         LINE#         611
  C:0C7DH         LINE#         612
  C:0C7DH         LINE#         613
  C:0C7DH         LINE#         614
  C:0C96H         LINE#         616
  C:0CA4H         LINE#         617
  C:0D06H         LINE#         621
  C:0D06H         LINE#         622
  C:0D08H         LINE#         623
  C:0D76H         LINE#         627
  C:0D97H         LINE#         628
  C:0D97H         LINE#         629
  C:0DA5H         LINE#         631
  C:0DB3H         LINE#         632
  C:0E15H         LINE#         636
  C:0E15H         LINE#         638
  C:0E17H         LINE#         639
  C:0E85H         LINE#         643
  C:0EA6H         LINE#         645
  C:0EA6H         LINE#         646
  C:0EB4H         LINE#         648
  C:0EC2H         LINE#         649
  C:0F24H         LINE#         653
  C:0F24H         LINE#         655
  C:0F26H         LINE#         656
  C:0F94H         LINE#         660
  C:0FB5H         LINE#         662
  C:0FB5H         LINE#         663
  C:0FC5H         LINE#         664
  C:0FD6H         LINE#         667
  C:0FEDH         LINE#         668
  C:0FF7H         LINE#         694
  C:0FFDH         LINE#         695
  C:0FFFH         LINE#         696
  C:0FFFH         LINE#         699
  C:0FFFH         LINE#         700
  C:1008H         LINE#         707
  C:1008H         LINE#         710
BL51 BANKED LINKER/LOCATER V6.22                                                      12/06/2017  22:51:18  PAGE 31


  C:1008H         LINE#         711
  C:1008H         LINE#         712
  C:100BH         LINE#         713
  C:100BH         LINE#         714
  C:100BH         LINE#         715
  C:1011H         LINE#         716
  C:1021H         LINE#         717
  C:1023H         LINE#         718
  C:102FH         LINE#         719
  C:104BH         LINE#         720
  C:104BH         LINE#         721
  C:104BH         LINE#         723
  C:108CH         LINE#         724
  C:10ADH         LINE#         725
  C:10BBH         LINE#         727
  C:10FCH         LINE#         728
  C:111DH         LINE#         729
  C:112BH         LINE#         731
  C:116CH         LINE#         732
  C:118DH         LINE#         733
  C:119DH         LINE#         734
  C:11AEH         LINE#         737
  C:11D6H         LINE#         738
  C:11D6H         LINE#         739
  C:11DCH         LINE#         740
  C:11DEH         LINE#         741
  C:11E0H         LINE#         742
  C:11E5H         LINE#         743
  C:11EBH         LINE#         744
  C:11EDH         LINE#         745
  C:11EDH         LINE#         746
  C:11EDH         LINE#         747
  C:11EDH         LINE#         748
  C:11F6H         LINE#         754
  C:11F6H         LINE#         756
  C:11F6H         LINE#         757
  C:11F6H         LINE#         758
  C:11F9H         LINE#         759
  C:11F9H         LINE#         760
  C:11F9H         LINE#         761
  C:1203H         LINE#         762
  C:1217H         LINE#         763
  C:124CH         LINE#         764
  C:125AH         LINE#         766
  C:128FH         LINE#         767
  C:129DH         LINE#         769
  C:12D2H         LINE#         770
  C:12E2H         LINE#         771
  C:12F3H         LINE#         773
  C:12F3H         LINE#         774
  C:1304H         LINE#         775
  C:1319H         LINE#         776
  C:134EH         LINE#         777
  C:135CH         LINE#         779
  C:1391H         LINE#         780
  C:139FH         LINE#         782
  C:13D4H         LINE#         783
BL51 BANKED LINKER/LOCATER V6.22                                                      12/06/2017  22:51:18  PAGE 32


  C:13E4H         LINE#         784
  C:13F5H         LINE#         786
  C:13F5H         LINE#         787
  C:140EH         LINE#         788
  C:1418H         LINE#         789
  C:1448H         LINE#         790
  C:145AH         LINE#         791
  C:1464H         LINE#         792
  C:146AH         LINE#         793
  C:146CH         LINE#         794
  C:146CH         LINE#         795
  C:146CH         LINE#         796
  C:1472H         LINE#         802
  C:147DH         LINE#         804
  C:147DH         LINE#         805
  C:147DH         LINE#         806
  C:147DH         LINE#         807
  C:147DH         LINE#         809
  C:147DH         LINE#         810
  C:147DH         LINE#         813
  -------         ENDPROC       APP_DOME_INTERRUPTER
  -------         ENDMOD        APP_DOME

  -------         MODULE        APP_EEPROM
  C:0000H         SYMBOL        _ICE_DUMMY_
  D:0080H         PUBLIC        P0
  D:0090H         PUBLIC        P1
  D:00A0H         PUBLIC        P2
  D:00B0H         PUBLIC        P3
  D:00D8H         PUBLIC        PWMCON0
  D:00A8H         PUBLIC        IE
  D:00B8H         PUBLIC        IP
  C:3F2DH         PUBLIC        _app_eeprom_erase
  C:3FC7H         PUBLIC        app_eeprom_Init
  D:0098H         PUBLIC        SCON
  D:0088H         PUBLIC        TCON
  C:3FC8H         PUBLIC        app_eeprom_100ms_pro
  C:3FB7H         PUBLIC        _app_eeprom_read_byte
  D:00F8H         PUBLIC        SCON_1
  C:3F37H         PUBLIC        _app_eeprom_write_byte
  D:00E8H         PUBLIC        ADCCON0
  D:00C0H         PUBLIC        I2CON
  C:3E95H         PUBLIC        _app_eeprom_write_buf
  C:3FC9H         SYMBOL        app_eeprom_pro
  D:00C8H         PUBLIC        T2CON
  C:34E2H         PUBLIC        _app_eeprom_get_dome_with_index
  D:00D0H         PUBLIC        PSW
  -------         PROC          APP_EEPROM_INIT
  C:3FC7H         LINE#         10
  C:3FC7H         LINE#         12
  -------         ENDPROC       APP_EEPROM_INIT
  -------         PROC          _APP_EEPROM_GET_DOME_WITH_INDEX
  X:019EH         SYMBOL        dd
  X:01A1H         SYMBOL        index
  -------         DO            
  X:01A2H         SYMBOL        i
  D:0007H         SYMBOL        n
BL51 BANKED LINKER/LOCATER V6.22                                                      12/06/2017  22:51:18  PAGE 33


  -------         ENDDO         
  C:34E2H         LINE#         14
  C:34EDH         LINE#         15
  C:34F0H         LINE#         16
  C:34F0H         LINE#         17
  C:34F2H         LINE#         19
  C:34F6H         LINE#         20
  C:34F6H         LINE#         21
  C:34F6H         LINE#         22
  C:3505H         LINE#         24
  C:3533H         LINE#         26
  C:353BH         LINE#         27
  -------         ENDPROC       _APP_EEPROM_GET_DOME_WITH_INDEX
  -------         PROC          _APP_EEPROM_ERASE
  D:0006H         SYMBOL        addr
  C:3F2DH         LINE#         28
  C:3F2DH         LINE#         29
[...]
  D:00B3H         PUBLIC        P1M1
  D:00B2H         PUBLIC        P0M2
  D:0080H         PUBLIC        P0
  D:00B4H         PUBLIC        P1M2
  D:0090H         PUBLIC        P1
  D:00A0H         PUBLIC        P2
  D:00B0H         PUBLIC        P3
  D:00D8H         PUBLIC        PWMCON0
  D:00A8H         PUBLIC        IE
  B:00A8H.4       PUBLIC        ES
  D:00B8H         PUBLIC        IP
  B:0098H.0       PUBLIC        RI
  B:0098H.1       PUBLIC        TI
  B:00F8H.0       PUBLIC        RI_1
  B:00F8H.1       PUBLIC        TI_1
  D:0099H         PUBLIC        SBUF
  D:0087H         PUBLIC        PCON
  D:0098H         PUBLIC        SCON
  D:0089H         PUBLIC        TMOD
  D:0088H         PUBLIC        TCON
  D:009AH         PUBLIC        SBUF_1
  D:00F8H         PUBLIC        SCON_1
  D:00C6H         PUBLIC        RH3
  D:008DH         PUBLIC        TH1
  D:00C5H         PUBLIC        RL3
  C:3A40H         PUBLIC        _InitialUART0_Timer1
  C:3366H         PUBLIC        _InitialUART0_Timer3
  C:342AH         PUBLIC        _InitialUART1_Timer3
  B:0088H.6       PUBLIC        TR1
  D:00E8H         PUBLIC        ADCCON0
  C:3F66H         PUBLIC        _Send_Data_To_UART0
  C:3F76H         PUBLIC        _Send_Data_To_UART1
  D:00C0H         PUBLIC        I2CON
  D:00C8H         PUBLIC        T2CON
  D:00C4H         PUBLIC        T3CON
  C:3F5EH         PUBLIC        Receive_Data_From_UART0
  C:3F6EH         PUBLIC        Receive_Data_From_UART1
  D:008EH         PUBLIC        CKCON
  D:00D0H         PUBLIC        PSW
  -------         PROC          _INITIALUART0_TIMER1
  D:0004H         SYMBOL        u32Baudrate
  C:3A40H         LINE#         21
  C:3A40H         LINE#         22
  C:3A40H         LINE#         23
BL51 BANKED LINKER/LOCATER V6.22                                                      12/06/2017  22:51:18  PAGE 52


  C:3A46H         LINE#         25
  C:3A4CH         LINE#         28
  C:3A4FH         LINE#         29
  C:3A52H         LINE#         31
  C:3A55H         LINE#         32
  C:3A58H         LINE#         33
  C:3A5BH         LINE#         36
  C:3A74H         LINE#         42
  C:3A76H         LINE#         45
  C:3A78H         LINE#         46
  C:3A7AH         LINE#         48
  -------         ENDPROC       _INITIALUART0_TIMER1
  -------         PROC          _INITIALUART0_TIMER3
  X:0196H         SYMBOL        u32Baudrate
  C:3366H         LINE#         50
  C:336CH         LINE#         51
  C:336CH         LINE#         52
  C:3372H         LINE#         54
  C:3378H         LINE#         57
  C:337BH         LINE#         58
  C:337EH         LINE#         59
  C:3381H         LINE#         60
  C:3384H         LINE#         63
  C:33ABH         LINE#         64
  C:33C3H         LINE#         70
  C:33C6H         LINE#         71
  C:33C8H         LINE#         73
  C:33CAH         LINE#         74
  -------         ENDPROC       _INITIALUART0_TIMER3
  -------         PROC          RECEIVE_DATA_FROM_UART0
  -------         DO            
  D:0007H         SYMBOL        c
  -------         ENDDO         
  C:3F5EH         LINE#         76
  C:3F5EH         LINE#         78
  C:3F61H         LINE#         80
  C:3F63H         LINE#         81
  C:3F65H         LINE#         82
  C:3F65H         LINE#         83
  -------         ENDPROC       RECEIVE_DATA_FROM_UART0
  -------         PROC          _SEND_DATA_TO_UART0
  D:0007H         SYMBOL        c
  C:3F66H         LINE#         85
  C:3F66H         LINE#         86
  C:3F68H         LINE#         87
  C:3F6AH         LINE#         88
  C:3F6DH         LINE#         90
  -------         ENDPROC       _SEND_DATA_TO_UART0
  -------         PROC          _INITIALUART1_TIMER3
  X:0206H         SYMBOL        u32Baudrate
  C:342AH         LINE#         95
  C:3430H         LINE#         96
  C:3430H         LINE#         97
  C:3436H         LINE#         99
  C:343CH         LINE#         102
  C:343FH         LINE#         103
  C:3442H         LINE#         104
BL51 BANKED LINKER/LOCATER V6.22                                                      12/06/2017  22:51:18  PAGE 53


  C:3445H         LINE#         107
  C:346CH         LINE#         108
  C:3484H         LINE#         114
  C:3487H         LINE#         115
  -------         ENDPROC       _INITIALUART1_TIMER3
  -------         PROC          RECEIVE_DATA_FROM_UART1
  -------         DO            
  D:0007H         SYMBOL        c
  -------         ENDDO         
  C:3F6EH         LINE#         117
  C:3F6EH         LINE#         120
  C:3F71H         LINE#         122
  C:3F73H         LINE#         123
  C:3F75H         LINE#         124
  C:3F75H         LINE#         125
  -------         ENDPROC       RECEIVE_DATA_FROM_UART1
  -------         PROC          _SEND_DATA_TO_UART1
  D:0007H         SYMBOL        c
  C:3F76H         LINE#         127
  C:3F76H         LINE#         128
  C:3F78H         LINE#         129
  C:3F7AH         LINE#         130
  C:3F7DH         LINE#         132
  -------         ENDPROC       _SEND_DATA_TO_UART1
  -------         ENDMOD        COMMON

  -------         MODULE        DELAY
  C:0000H         SYMBOL        _ICE_DUMMY_
  D:0080H         PUBLIC        P0
  D:0090H         PUBLIC        P1
  D:00A0H         PUBLIC        P2
  C:380DH         PUBLIC        _Timer0_Delay100us
  D:00B0H         PUBLIC        P3
  D:00D8H         PUBLIC        PWMCON0
  C:368DH         PUBLIC        _Timer2_Delay500us
  D:00A8H         PUBLIC        IE
  D:00B8H         PUBLIC        IP
  C:3858H         PUBLIC        _Timer0_Delay1ms
  D:0098H         PUBLIC        SCON
  D:0089H         PUBLIC        TMOD
  D:0088H         PUBLIC        TCON
  D:00F8H         PUBLIC        SCON_1
  B:0088H.5       PUBLIC        TF0
  C:38A3H         PUBLIC        _Timer1_Delay10ms
  B:0088H.7       PUBLIC        TF1
  B:00C8H.7       PUBLIC        TF2
  D:008CH         PUBLIC        TH0
  D:00C6H         PUBLIC        RH3
  D:008DH         PUBLIC        TH1
  D:00CDH         PUBLIC        TH2
  D:008AH         PUBLIC        TL0
  D:00C5H         PUBLIC        RL3
  D:008BH         PUBLIC        TL1
  D:00CCH         PUBLIC        TL2
  C:3775H         PUBLIC        _Timer3_Delay10us
  B:0088H.4       PUBLIC        TR0
  B:0088H.6       PUBLIC        TR1
BL51 BANKED LINKER/LOCATER V6.22                                                      12/06/2017  22:51:18  PAGE 54


  B:00C8H.2       PUBLIC        TR2
  D:00E8H         PUBLIC        ADCCON0
  D:00C0H         PUBLIC        I2CON
  D:00C9H         PUBLIC        T2MOD
  D:00C8H         PUBLIC        T2CON
  D:00C4H         PUBLIC        T3CON
  D:008EH         PUBLIC        CKCON
  D:00D0H         PUBLIC        PSW
  C:3728H         PUBLIC        _Timer3_Delay100ms
  -------         PROC          _TIMER0_DELAY100US
  X:020AH         SYMBOL        u32CNT
  C:380DH         LINE#         21
  C:3813H         LINE#         22
  C:3813H         LINE#         23
  C:3816H         LINE#         24
  C:3819H         LINE#         25
  C:381BH         LINE#         26
  C:382CH         LINE#         27
  C:382CH         LINE#         28
  C:382FH         LINE#         29
  C:3832H         LINE#         30
  C:3835H         LINE#         31
  C:3837H         LINE#         32
  C:3853H         LINE#         33
  C:3855H         LINE#         34
  C:3857H         LINE#         35
  -------         ENDPROC       _TIMER0_DELAY100US
  -------         PROC          _TIMER0_DELAY1MS
  X:020EH         SYMBOL        u32CNT
  C:3858H         LINE#         37
  C:385EH         LINE#         38
  C:385EH         LINE#         39
  C:3861H         LINE#         40
  C:3864H         LINE#         41
  C:3866H         LINE#         42
  C:3877H         LINE#         43
  C:3877H         LINE#         44
  C:387AH         LINE#         45
  C:387DH         LINE#         46
  C:3880H         LINE#         47
  C:3882H         LINE#         48
  C:389EH         LINE#         49
  C:38A0H         LINE#         50
  C:38A2H         LINE#         51
  -------         ENDPROC       _TIMER0_DELAY1MS
  -------         PROC          _TIMER1_DELAY10MS
  X:0212H         SYMBOL        u32CNT
  C:38A3H         LINE#         54
  C:38A9H         LINE#         55
  C:38A9H         LINE#         56
  C:38ACH         LINE#         57
  C:38AFH         LINE#         58
  C:38B1H         LINE#         59
  C:38C2H         LINE#         60
  C:38C2H         LINE#         61
  C:38C5H         LINE#         62
  C:38C8H         LINE#         63
BL51 BANKED LINKER/LOCATER V6.22                                                      12/06/2017  22:51:18  PAGE 55


  C:38CBH         LINE#         64
  C:38CDH         LINE#         65
  C:38E9H         LINE#         66
  C:38EBH         LINE#         67
  C:38EDH         LINE#         68
  -------         ENDPROC       _TIMER1_DELAY10MS
  -------         PROC          _TIMER2_DELAY500US
  X:0216H         SYMBOL        u32CNT
  C:368DH         LINE#         70
  C:3693H         LINE#         71
  C:3693H         LINE#         72
  C:3696H         LINE#         73
  C:3699H         LINE#         74
  C:369CH         LINE#         75
  C:369EH         LINE#         76
  C:36AFH         LINE#         77
  C:36AFH         LINE#         78
  C:36B2H         LINE#         79
  C:36B5H         LINE#         80
  C:36B8H         LINE#         81
  C:36BAH         LINE#         82
  C:36D6H         LINE#         83
  C:36D8H         LINE#         84
  C:36DAH         LINE#         85
  -------         ENDPROC       _TIMER2_DELAY500US
  -------         PROC          _TIMER3_DELAY100MS
  X:021AH         SYMBOL        u32CNT
  C:3728H         LINE#         87
  C:372EH         LINE#         88
  C:372EH         LINE#         89
  C:3731H         LINE#         90
  C:3734H         LINE#         91
  C:3745H         LINE#         92
  C:3745H         LINE#         93
  C:3748H         LINE#         94
  C:374BH         LINE#         95
  C:3750H         LINE#         96
  C:3753H         LINE#         97
  C:376FH         LINE#         98
  C:3771H         LINE#         99
  C:3774H         LINE#         100
  -------         ENDPROC       _TIMER3_DELAY100MS
  -------         PROC          _TIMER3_DELAY10US
  X:021EH         SYMBOL        u32CNT
  C:3775H         LINE#         102
  C:377BH         LINE#         103
  C:377BH         LINE#         104
  C:377EH         LINE#         105
  C:3781H         LINE#         106
  C:3792H         LINE#         107
  C:3792H         LINE#         108
  C:3795H         LINE#         109
  C:3798H         LINE#         110
  C:379DH         LINE#         111
  C:37A0H         LINE#         112
  C:37BCH         LINE#         113
  C:37BEH         LINE#         114
BL51 BANKED LINKER/LOCATER V6.22                                                      12/06/2017  22:51:18  PAGE 56


  C:37C1H         LINE#         115
  -------         ENDPROC       _TIMER3_DELAY10US
  -------         ENDMOD        DELAY

  -------         MODULE        VERSION
  C:0000H         SYMBOL        _ICE_DUMMY_
  D:0080H         PUBLIC        P0
  D:0090H         PUBLIC        P1
  D:00A0H         PUBLIC        P2
  D:00B0H         PUBLIC        P3
  D:00D8H         PUBLIC        PWMCON0
  D:00A8H         PUBLIC        IE
  D:00B8H         PUBLIC        IP
  D:0098H         PUBLIC        SCON
  D:0088H         PUBLIC        TCON
  D:00F8H         PUBLIC        SCON_1
  C:33CBH         PUBLIC        Show_FW_Version_Number_To_PC
  D:00E8H         PUBLIC        ADCCON0
  D:00C0H         PUBLIC        I2CON
  D:00C8H         PUBLIC        T2CON
  D:00D0H         PUBLIC        PSW
  -------         PROC          SHOW_FW_VERSION_NUMBER_TO_PC
  C:33CBH         LINE#         30
  C:33CBH         LINE#         31
  C:33CBH         LINE#         32
  C:33D4H         LINE#         33
  C:33DDH         LINE#         34
  C:33E6H         LINE#         35
  C:3400H         LINE#         36
  C:3421H         LINE#         37
  -------         ENDPROC       SHOW_FW_VERSION_NUMBER_TO_PC
  -------         ENDMOD        VERSION

  -------         MODULE        ?C_STARTUP
  C:2F43H         SEGMENT       ?C_C51STARTUP
  I:0045H         SEGMENT       ?STACK
  C:0000H         PUBLIC        ?C_STARTUP
  D:00E0H         SYMBOL        ACC
  D:00F0H         SYMBOL        B
  D:0083H         SYMBOL        DPH
  D:0082H         SYMBOL        DPL
  N:0000H         SYMBOL        IBPSTACK
  N:0100H         SYMBOL        IBPSTACKTOP
  N:0080H         SYMBOL        IDATALEN
  C:2F46H         SYMBOL        IDATALOOP
  N:0000H         SYMBOL        PBPSTACK
  N:0000H         SYMBOL        PBPSTACKTOP
  N:0000H         SYMBOL        PDATALEN
  N:0000H         SYMBOL        PDATASTART
  N:0000H         SYMBOL        PPAGE
  N:0000H         SYMBOL        PPAGEENABLE
  D:00A0H         SYMBOL        PPAGE_SFR
  D:0081H         SYMBOL        SP
  C:2F43H         SYMBOL        STARTUP1
  N:0000H         SYMBOL        XBPSTACK
  N:0000H         SYMBOL        XBPSTACKTOP
  N:02FFH         SYMBOL        XDATALEN
BL51 BANKED LINKER/LOCATER V6.22                                                      12/06/2017  22:51:18  PAGE 57


  C:2F51H         SYMBOL        XDATALOOP
  N:0000H         SYMBOL        XDATASTART
  C:0000H         LINE#         92
  C:2F43H         LINE#         99
  C:2F45H         LINE#         100
  C:2F46H         LINE#         101
  C:2F47H         LINE#         102
  C:2F49H         LINE#         106
  C:2F4CH         LINE#         107
  C:2F4EH         LINE#         109
  C:2F50H         LINE#         113
  C:2F51H         LINE#         114
  C:2F52H         LINE#         115
  C:2F53H         LINE#         116
  C:2F55H         LINE#         117
  C:2F57H         LINE#         151
  C:2F5AH         LINE#         155
  -------         ENDMOD        ?C_STARTUP

  -------         MODULE        ?C?COPY
  C:1D40H         PUBLIC        ?C?COPY
  -------         ENDMOD        ?C?COPY

  -------         MODULE        ?C?CLDPTR
  C:1D66H         PUBLIC        ?C?CLDPTR
  -------         ENDMOD        ?C?CLDPTR

  -------         MODULE        ?C?CLDOPTR
  C:1D7FH         PUBLIC        ?C?CLDOPTR
  -------         ENDMOD        ?C?CLDOPTR

  -------         MODULE        ?C?CILDOPTR
  C:1DACH         PUBLIC        ?C?CILDOPTR
  -------         ENDMOD        ?C?CILDOPTR

  -------         MODULE        ?C?CSTOPTR
  C:1DDFH         PUBLIC        ?C?CSTOPTR
  -------         ENDMOD        ?C?CSTOPTR

  -------         MODULE        ?C?IMUL
  C:1E01H         PUBLIC        ?C?IMUL
  -------         ENDMOD        ?C?IMUL

  -------         MODULE        ?C?UIDIV
  C:1E13H         PUBLIC        ?C?UIDIV
  -------         ENDMOD        ?C?UIDIV

  -------         MODULE        ?C?SIDIV
  C:1E68H         PUBLIC        ?C?SIDIV
  -------         ENDMOD        ?C?SIDIV

  -------         MODULE        ?C?IILDX
  C:1E9EH         PUBLIC        ?C?IILDX
  -------         ENDMOD        ?C?IILDX

  -------         MODULE        ?C?ILDOPTR
  C:1EB4H         PUBLIC        ?C?ILDOPTR
BL51 BANKED LINKER/LOCATER V6.22                                                      12/06/2017  22:51:18  PAGE 58


  -------         ENDMOD        ?C?ILDOPTR

  -------         MODULE        ?C?IILDOPTR
  C:1EECH         PUBLIC        ?C?IILDOPTR
  -------         ENDMOD        ?C?IILDOPTR

  -------         MODULE        ?C?ISTOPTR
  C:1F39H         PUBLIC        ?C?ISTOPTR
  -------         ENDMOD        ?C?ISTOPTR

  -------         MODULE        ?C?LADD
  C:1F66H         PUBLIC        ?C?LADD
  -------         ENDMOD        ?C?LADD

  -------         MODULE        ?C?LSUB
  C:1F73H         PUBLIC        ?C?LSUB
  -------         ENDMOD        ?C?LSUB

  -------         MODULE        ?C?LMUL
  C:1F81H         PUBLIC        ?C?LMUL
  -------         ENDMOD        ?C?LMUL

  -------         MODULE        ?C?ULDIV
  C:200CH         PUBLIC        ?C?ULDIV
  -------         ENDMOD        ?C?ULDIV

  -------         MODULE        ?C?ULCMP
  C:209EH         PUBLIC        ?C?ULCMP
  -------         ENDMOD        ?C?ULCMP

  -------         MODULE        ?C?ULSHR
  C:20AFH         PUBLIC        ?C?ULSHR
  -------         ENDMOD        ?C?ULSHR

  -------         MODULE        ?C?LLDXDATA
  C:20C2H         PUBLIC        ?C?LLDXDATA
  -------         ENDMOD        ?C?LLDXDATA

  -------         MODULE        ?C?LLDXDATA0
  C:20CEH         PUBLIC        ?C?LLDXDATA0
  -------         ENDMOD        ?C?LLDXDATA0

  -------         MODULE        ?C?LSTXDATA
  C:20DAH         PUBLIC        ?C?LSTXDATA
  -------         ENDMOD        ?C?LSTXDATA

  -------         MODULE        ?C?LSTKXDATA
  C:20E6H         PUBLIC        ?C?LSTKXDATA
  -------         ENDMOD        ?C?LSTKXDATA

  -------         MODULE        ?C?PSTIDATA
  C:2117H         PUBLIC        ?C?PSTIDATA
  -------         ENDMOD        ?C?PSTIDATA

  -------         MODULE        ?C?PLDXDATA
  C:2120H         PUBLIC        ?C?PLDXDATA
  -------         ENDMOD        ?C?PLDXDATA
BL51 BANKED LINKER/LOCATER V6.22                                                      12/06/2017  22:51:18  PAGE 59



  -------         MODULE        ?C?PLDIXDATA
  C:2129H         PUBLIC        ?C?PLDIXDATA
  -------         ENDMOD        ?C?PLDIXDATA

  -------         MODULE        ?C?PSTXDATA
  C:2140H         PUBLIC        ?C?PSTXDATA
  -------         ENDMOD        ?C?PSTXDATA

  -------         MODULE        ?C?PLDPTR
  C:2149H         PUBLIC        ?C?PLDPTR
  -------         ENDMOD        ?C?PLDPTR

  -------         MODULE        ?C?CCASE
  C:2169H         PUBLIC        ?C?CCASE
  -------         ENDMOD        ?C?CCASE

  -------         MODULE        ?C?ICALL
  C:218FH         PUBLIC        ?C?ICALL
  C:2193H         PUBLIC        ?C?ICALL2
  -------         ENDMOD        ?C?ICALL

  -------         MODULE        PRINTF
  X:016BH         PUBLIC        ?_PRINTF517?BYTE
  X:016BH         PUBLIC        ?_PRINTF?BYTE
  X:016BH         PUBLIC        ?_SPRINTF517?BYTE
  X:016BH         PUBLIC        ?_SPRINTF?BYTE
  C:225CH         PUBLIC        _PRINTF
  C:225CH         PUBLIC        _PRINTF517
  C:2256H         PUBLIC        _SPRINTF
  C:2256H         PUBLIC        _SPRINTF517
  -------         ENDMOD        PRINTF

  -------         MODULE        ABS
  C:3F16H         PUBLIC        _ABS
  -------         ENDMOD        ABS

  -------         MODULE        ?C?MEMSET
  C:2195H         PUBLIC        ?C?MEMSET
  -------         ENDMOD        ?C?MEMSET

  -------         MODULE        ?C?CSTPTR
  C:21C1H         PUBLIC        ?C?CSTPTR
  -------         ENDMOD        ?C?CSTPTR

  -------         MODULE        ?C?PLDIDATA
  C:21D3H         PUBLIC        ?C?PLDIDATA
  -------         ENDMOD        ?C?PLDIDATA

  -------         MODULE        ?C?PLDPDATA
  C:21DCH         PUBLIC        ?C?PLDPDATA
  -------         ENDMOD        ?C?PLDPDATA

  -------         MODULE        ?C?PLDCODE
  C:21E5H         PUBLIC        ?C?PLDCODE
  -------         ENDMOD        ?C?PLDCODE

BL51 BANKED LINKER/LOCATER V6.22                                                      12/06/2017  22:51:18  PAGE 60


  -------         MODULE        PUTCHAR
  C:3BD0H         PUBLIC        _PUTCHAR
  -------         ENDMOD        PUTCHAR

Program Size: data=50.2 xdata=558 code=16332
LINK/LOCATE RUN COMPLETE.  0 WARNING(S),  0 ERROR(S)
